Component: ARM Compiler 5.06 update 1 (build 61) Tool: armlink [4d35ed]

==============================================================================

Section Cross References

    main.o(i.USART1_IRQHandler) refers to main.o(i._Z22__NVIC_ClearPendingIRQ4IRQn) for __NVIC_ClearPendingIRQ(IRQn)
    main.o(i.USART1_IRQHandler) refers to main.o(.data) for buff_ptr
    main.o(i.USART1_IRQHandler) refers to main.o(.bss) for Rx_buff
    main.o(i.USART2_IRQHandler) refers to lcd.o(i._Z3cmdc) for cmd(char)
    main.o(i.USART2_IRQHandler) refers to rt_memclr_w.o(.text) for __aeabi_memclr4
    main.o(i.USART2_IRQHandler) refers to lcd.o(i._Z3lcdPc) for lcd(char*)
    main.o(i.USART2_IRQHandler) refers to main.o(i._Z9UART2_strPc) for UART2_str(char*)
    main.o(i.USART2_IRQHandler) refers to main.o(i._ZSt6strstrPcPKc) for std::strstr(char*, const char*)
    main.o(i.USART2_IRQHandler) refers to delay.o(i._Z7delaymsj) for delayms(unsigned)
    main.o(i.USART2_IRQHandler) refers to main.o(i._Z8UART2_txPc) for UART2_tx(char*)
    main.o(i.USART2_IRQHandler) refers to main.o(i._Z22__NVIC_ClearPendingIRQ4IRQn) for __NVIC_ClearPendingIRQ(IRQn)
    main.o(i._Z10clear_buffv) refers to rt_memclr.o(.text) for __aeabi_memclr
    main.o(i._Z10clear_buffv) refers to main.o(.bss) for Rx_buff
    main.o(i._Z12convert_tempv) refers to dflt_clz.o(x$fpl$dfltu) for __aeabi_ui2d
    main.o(i._Z12convert_tempv) refers to dmul.o(x$fpl$dmul) for __aeabi_dmul
    main.o(i._Z12convert_tempv) refers to d2f.o(x$fpl$d2f) for __aeabi_d2f
    main.o(i._Z12convert_tempv) refers to faddsub_clz.o(x$fpl$fsub) for __aeabi_fsub
    main.o(i._Z12convert_tempv) refers to f2d.o(x$fpl$f2d) for __aeabi_f2d
    main.o(i._Z12convert_tempv) refers to ddiv.o(x$fpl$ddiv) for __aeabi_ddiv
    main.o(i._Z12convert_tempv) refers to daddsub_clz.o(x$fpl$dadd) for __aeabi_dadd
    main.o(i._Z12get_responsePc) refers to main.o(i._Z14check_responsePc) for check_response(char*)
    main.o(i._Z12get_responsePc) refers to main.o(.data) for status
    main.o(i._Z14AT_CommunicatePcS_) refers to main.o(i._Z10clear_buffv) for clear_buff()
    main.o(i._Z14AT_CommunicatePcS_) refers to main.o(i._Z7UART_txPc) for UART_tx(char*)
    main.o(i._Z14AT_CommunicatePcS_) refers to main.o(i._Z12get_responsePc) for get_response(char*)
    main.o(i._Z14check_responsePc) refers to strlen.o(.text) for strlen
    main.o(i._Z14check_responsePc) refers to lcd.o(i._Z3cmdc) for cmd(char)
    main.o(i._Z14check_responsePc) refers to delay.o(i._Z7delaymsj) for delayms(unsigned)
    main.o(i._Z14check_responsePc) refers to rt_memmove_v6.o(.text) for __aeabi_memmove
    main.o(i._Z14check_responsePc) refers to strncmp.o(.text) for strncmp
    main.o(i._Z14check_responsePc) refers to main.o(.data) for status
    main.o(i._Z14check_responsePc) refers to main.o(.bss) for Rx_buff
    main.o(i._Z6JoinAPPcS_) refers to _printf_percent.o(.ARM.Collect$$_printf_percent$$00000000) for _printf_percent
    main.o(i._Z6JoinAPPcS_) refers to _printf_s.o(.ARM.Collect$$_printf_percent$$00000014) for _printf_s
    main.o(i._Z6JoinAPPcS_) refers to _printf_str.o(.text) for _printf_str
    main.o(i._Z6JoinAPPcS_) refers to rt_memclr_w.o(.text) for __aeabi_memclr4
    main.o(i._Z6JoinAPPcS_) refers to noretval__2sprintf.o(.text) for __2sprintf
    main.o(i._Z6JoinAPPcS_) refers to main.o(i._Z14AT_CommunicatePcS_) for AT_Communicate(char*, char*)
    main.o(i._Z6JoinAPPcS_) refers to main.o(i._ZSt6strstrPcPKc) for std::strstr(char*, const char*)
    main.o(i._Z6JoinAPPcS_) refers to main.o(.bss) for Rx_buff
    main.o(i._Z7UART_txPc) refers to main.o(i._Z7UART_txc) for UART_tx(char)
    main.o(i._Z8ESP_Modeh) refers to _printf_percent.o(.ARM.Collect$$_printf_percent$$00000000) for _printf_percent
    main.o(i._Z8ESP_Modeh) refers to _printf_d.o(.ARM.Collect$$_printf_percent$$00000009) for _printf_d
    main.o(i._Z8ESP_Modeh) refers to _printf_dec.o(.text) for _printf_int_dec
    main.o(i._Z8ESP_Modeh) refers to rt_memclr_w.o(.text) for __aeabi_memclr4
    main.o(i._Z8ESP_Modeh) refers to noretval__2sprintf.o(.text) for __2sprintf
    main.o(i._Z8ESP_Modeh) refers to main.o(i._Z14AT_CommunicatePcS_) for AT_Communicate(char*, char*)
    main.o(i._Z8TCP_modeh) refers to _printf_percent.o(.ARM.Collect$$_printf_percent$$00000000) for _printf_percent
    main.o(i._Z8TCP_modeh) refers to _printf_d.o(.ARM.Collect$$_printf_percent$$00000009) for _printf_d
    main.o(i._Z8TCP_modeh) refers to _printf_dec.o(.text) for _printf_int_dec
    main.o(i._Z8TCP_modeh) refers to rt_memclr_w.o(.text) for __aeabi_memclr4
    main.o(i._Z8TCP_modeh) refers to noretval__2sprintf.o(.text) for __2sprintf
    main.o(i._Z8TCP_modeh) refers to main.o(i._Z14AT_CommunicatePcS_) for AT_Communicate(char*, char*)
    main.o(i._Z8TCP_statv) refers to main.o(i._Z14AT_CommunicatePcS_) for AT_Communicate(char*, char*)
[...]
    Removing main.o(.ARM.exidx), (8 bytes).
    Removing lcd.o(.rev16_text), (4 bytes).
    Removing lcd.o(.revsh_text), (4 bytes).
    Removing lcd.o(.rrx_text), (6 bytes).
    Removing lcd.o(.ARM.exidx), (8 bytes).
    Removing lcd.o(.ARM.exidx), (8 bytes).
    Removing lcd.o(.ARM.exidx), (8 bytes).
    Removing lcd.o(.ARM.exidx), (8 bytes).
    Removing lcd.o(.ARM.exidx), (8 bytes).
    Removing lcd.o(.ARM.exidx), (8 bytes).
    Removing delay.o(.rev16_text), (4 bytes).
    Removing delay.o(.revsh_text), (4 bytes).
    Removing delay.o(.rrx_text), (6 bytes).
    Removing delay.o(.ARM.exidx), (8 bytes).
    Removing system_stm32f10x.o(.rev16_text), (4 bytes).
    Removing system_stm32f10x.o(.revsh_text), (4 bytes).
    Removing system_stm32f10x.o(.rrx_text), (6 bytes).
    Removing system_stm32f10x.o(i.SystemCoreClockUpdate), (160 bytes).
    Removing system_stm32f10x.o(.data), (20 bytes).
    Removing main.o(.ARM.exidx), (8 bytes).

64 unused section(s) (total 780 bytes) removed from the image.

==============================================================================

Image Symbol Table

    Local Symbols

    Symbol Name                              Value     Ov Type        Size  Object(Section)

    ../clib/angel/boardlib.s                 0x00000000   Number         0  boardshut.o ABSOLUTE
    ../clib/angel/boardlib.s                 0x00000000   Number         0  boardinit3.o ABSOLUTE
    ../clib/angel/boardlib.s                 0x00000000   Number         0  boardinit2.o ABSOLUTE
    ../clib/angel/boardlib.s                 0x00000000   Number         0  boardinit1.o ABSOLUTE
    ../clib/angel/handlers.s                 0x00000000   Number         0  __scatter_zi.o ABSOLUTE
    ../clib/angel/handlers.s                 0x00000000   Number         0  __scatter_copy.o ABSOLUTE
    ../clib/angel/kernel.s                   0x00000000   Number         0  __rtentry.o ABSOLUTE
    ../clib/angel/kernel.s                   0x00000000   Number         0  rtexit.o ABSOLUTE
    ../clib/angel/kernel.s                   0x00000000   Number         0  __rtentry4.o ABSOLUTE
    ../clib/angel/kernel.s                   0x00000000   Number         0  __rtentry2.o ABSOLUTE
    ../clib/angel/kernel.s                   0x00000000   Number         0  rtexit2.o ABSOLUTE
    ../clib/angel/rt.s                       0x00000000   Number         0  rt_raise.o ABSOLUTE
    ../clib/angel/rt.s                       0x00000000   Number         0  rt_locale_intlibspace.o ABSOLUTE
    ../clib/angel/rt.s                       0x00000000   Number         0  rt_locale.o ABSOLUTE
    ../clib/angel/scatter.s                  0x00000000   Number         0  __scatter.o ABSOLUTE
    ../clib/angel/startup.s                  0x00000000   Number         0  __main.o ABSOLUTE
    ../clib/angel/sys.s                      0x00000000   Number         0  indicate_semi.o ABSOLUTE
    ../clib/angel/sys.s                      0x00000000   Number         0  sys_stackheap_outer.o ABSOLUTE
    ../clib/angel/sys.s                      0x00000000   Number         0  libspace.o ABSOLUTE
    ../clib/angel/sys.s                      0x00000000   Number         0  use_no_semi.o ABSOLUTE
    ../clib/angel/sysapp.c                   0x00000000   Number         0  sys_exit.o ABSOLUTE
    ../clib/angel/sysapp.c                   0x00000000   Number         0  sys_wrch.o ABSOLUTE
    ../clib/angel/sysapp.c                   0x00000000   Number         0  sys_command.o ABSOLUTE
    ../clib/armsys.c                         0x00000000   Number         0  argv_veneer.o ABSOLUTE
    ../clib/armsys.c                         0x00000000   Number         0  _get_argv_nomalloc.o ABSOLUTE
    ../clib/armsys.c                         0x00000000   Number         0  no_argv.o ABSOLUTE
    ../clib/armsys.c                         0x00000000   Number         0  argv_veneer.o ABSOLUTE
    ../clib/bigflt.c                         0x00000000   Number         0  bigflt0.o ABSOLUTE
    ../clib/btod.s                           0x00000000   Number         0  btod.o ABSOLUTE
    ../clib/heapalloc.c                      0x00000000   Number         0  hrguard.o ABSOLUTE
    ../clib/heapaux.c                        0x00000000   Number         0  heapauxi.o ABSOLUTE
    ../clib/libinit.s                        0x00000000   Number         0  libshutdown2.o ABSOLUTE
    ../clib/libinit.s                        0x00000000   Number         0  libinit2.o ABSOLUTE
    ../clib/libinit.s                        0x00000000   Number         0  libinit.o ABSOLUTE
    ../clib/libinit.s                        0x00000000   Number         0  libshutdown.o ABSOLUTE
    ../clib/locale.s                         0x00000000   Number         0  lc_numeric_c.o ABSOLUTE
    ../clib/longlong.s                       0x00000000   Number         0  lludiv10.o ABSOLUTE
    ../clib/memcpset.s                       0x00000000   Number         0  rt_memcpy_w.o ABSOLUTE
    ../clib/memcpset.s                       0x00000000   Number         0  rt_memclr.o ABSOLUTE
    ../clib/memcpset.s                       0x00000000   Number         0  rt_memcpy_v6.o ABSOLUTE
    ../clib/memcpset.s                       0x00000000   Number         0  strcmpv7m.o ABSOLUTE
    ../clib/memcpset.s                       0x00000000   Number         0  rt_memmove_w.o ABSOLUTE
    ../clib/memcpset.s                       0x00000000   Number         0  rt_memclr_w.o ABSOLUTE
    ../clib/memcpset.s                       0x00000000   Number         0  rt_memmove_v6.o ABSOLUTE
    ../clib/printf.c                         0x00000000   Number         0  _printf_str.o ABSOLUTE
    ../clib/printf.c                         0x00000000   Number         0  _printf_dec.o ABSOLUTE
    ../clib/printf.c                         0x00000000   Number         0  _printf_intcommon.o ABSOLUTE
    ../clib/printf.c                         0x00000000   Number         0  _printf_fp_infnan.o ABSOLUTE
    ../clib/printf.c                         0x00000000   Number         0  noretval__2sprintf.o ABSOLUTE
    ../clib/printf.c                         0x00000000   Number         0  __printf_flags.o ABSOLUTE
    ../clib/printf.c                         0x00000000   Number         0  __printf_nopercent.o ABSOLUTE
    ../clib/printf.c                         0x00000000   Number         0  __printf.o ABSOLUTE
    ../clib/printf.c                         0x00000000   Number         0  __printf_flags_wp.o ABSOLUTE
    ../clib/printf.c                         0x00000000   Number         0  __printf_ss.o ABSOLUTE
    ../clib/printf.c                         0x00000000   Number         0  __printf_flags_ss.o ABSOLUTE
    ../clib/printf.c                         0x00000000   Number         0  __printf_wp.o ABSOLUTE
    ../clib/printf.c                         0x00000000   Number         0  __printf_ss_wp.o ABSOLUTE
    ../clib/printf.c                         0x00000000   Number         0  __printf_flags_ss_wp.o ABSOLUTE
    ../clib/printf.c                         0x00000000   Number         0  __2sprintf.o ABSOLUTE
    ../clib/printf.c                         0x00000000   Number         0  _printf_char.o ABSOLUTE
    ../clib/printf.c                         0x00000000   Number         0  _sputc.o ABSOLUTE
    ../clib/printf.c                         0x00000000   Number         0  _printf_char_common.o ABSOLUTE
    ../clib/printf.c                         0x00000000   Number         0  _printf_fp_dec.o ABSOLUTE
    ../clib/printf_percent.s                 0x00000000   Number         0  _printf_percent.o ABSOLUTE
    ../clib/printf_percent.s                 0x00000000   Number         0  _printf_f.o ABSOLUTE
    ../clib/printf_percent.s                 0x00000000   Number         0  _printf_percent_end.o ABSOLUTE
    ../clib/printf_percent.s                 0x00000000   Number         0  _printf_d.o ABSOLUTE
    ../clib/printf_percent.s                 0x00000000   Number         0  _printf_s.o ABSOLUTE
    ../clib/signal.c                         0x00000000   Number         0  defsig_rtmem_outer.o ABSOLUTE
    ../clib/signal.c                         0x00000000   Number         0  defsig_other.o ABSOLUTE
    ../clib/signal.c                         0x00000000   Number         0  defsig_exit.o ABSOLUTE
    ../clib/signal.c                         0x00000000   Number         0  defsig_cppl_inner.o ABSOLUTE
    ../clib/signal.c                         0x00000000   Number         0  defsig_pvfn_inner.o ABSOLUTE
    ../clib/signal.c                         0x00000000   Number         0  defsig_stak_inner.o ABSOLUTE
    ../clib/signal.c                         0x00000000   Number         0  defsig_rtred_inner.o ABSOLUTE
    ../clib/signal.c                         0x00000000   Number         0  __raise.o ABSOLUTE
    ../clib/signal.c                         0x00000000   Number         0  defsig_abrt_inner.o ABSOLUTE
    ../clib/signal.c                         0x00000000   Number         0  defsig_rtmem_inner.o ABSOLUTE
    ../clib/signal.c                         0x00000000   Number         0  defsig_general.o ABSOLUTE
    ../clib/signal.c                         0x00000000   Number         0  defsig_rtmem_formal.o ABSOLUTE
    ../clib/signal.c                         0x00000000   Number         0  defsig_fpe_inner.o ABSOLUTE
    ../clib/signal.c                         0x00000000   Number         0  defsig_segv_inner.o ABSOLUTE
    ../clib/signal.s                         0x00000000   Number         0  defsig.o ABSOLUTE
    ../clib/stdlib.c                         0x00000000   Number         0  exit.o ABSOLUTE
    ../clib/string.c                         0x00000000   Number         0  strncmp.o ABSOLUTE
    ../clib/string.c                         0x00000000   Number         0  strlen.o ABSOLUTE
    ../clib/string.c                         0x00000000   Number         0  strstr.o ABSOLUTE
    ../fplib/d2f.s                           0x00000000   Number         0  d2f.o ABSOLUTE
    ../fplib/daddsub.s                       0x00000000   Number         0  daddsub_clz.o ABSOLUTE
    ../fplib/dcmpi.s                         0x00000000   Number         0  dcmpi.o ABSOLUTE
    ../fplib/ddiv.s                          0x00000000   Number         0  ddiv.o ABSOLUTE
    ../fplib/dfix.s                          0x00000000   Number         0  dfix.o ABSOLUTE
    ../fplib/dflt.s                          0x00000000   Number         0  dflt_clz.o ABSOLUTE
    ../fplib/dleqf.s                         0x00000000   Number         0  dleqf.o ABSOLUTE
    ../fplib/dmul.s                          0x00000000   Number         0  dmul.o ABSOLUTE
    ../fplib/dnaninf.s                       0x00000000   Number         0  dnaninf.o ABSOLUTE
    ../fplib/dretinf.s                       0x00000000   Number         0  dretinf.o ABSOLUTE
    ../fplib/drleqf.s                        0x00000000   Number         0  drleqf.o ABSOLUTE
    ../fplib/f2d.s                           0x00000000   Number         0  f2d.o ABSOLUTE
    ../fplib/faddsub.s                       0x00000000   Number         0  faddsub_clz.o ABSOLUTE
    ../fplib/fcmpi.s                         0x00000000   Number         0  fcmpi.o ABSOLUTE
    ../fplib/fdiv.s                          0x00000000   Number         0  fdiv.o ABSOLUTE
    ../fplib/ffix.s                          0x00000000   Number         0  ffix.o ABSOLUTE
    ../fplib/fflt.s                          0x00000000   Number         0  fflt_clz.o ABSOLUTE
    ../fplib/fleqf.s                         0x00000000   Number         0  fleqf.o ABSOLUTE
    ../fplib/fmul.s                          0x00000000   Number         0  fmul.o ABSOLUTE
    ../fplib/fnaninf.s                       0x00000000   Number         0  fnaninf.o ABSOLUTE
    ../fplib/fpinit.s                        0x00000000   Number         0  fpinit.o ABSOLUTE
    ../fplib/fretinf.s                       0x00000000   Number         0  fretinf.o ABSOLUTE
    ../fplib/frleqf.s                        0x00000000   Number         0  frleqf.o ABSOLUTE
    ../fplib/istatus.s                       0x00000000   Number         0  istatus.o ABSOLUTE
    ../fplib/printf1.s                       0x00000000   Number         0  printf1.o ABSOLUTE
    ../fplib/usenofp.s                       0x00000000   Number         0  usenofp.o ABSOLUTE
    ../mathlib/fpclassify.c                  0x00000000   Number         0  fpclassify.o ABSOLUTE
    RTE\Device\STM32F100RB\startup_stm32f10x_md_vl.s 0x00000000   Number         0  startup_stm32f10x_md_vl.o ABSOLUTE
    RTE\Device\STM32F100RB\system_stm32f10x.c 0x00000000   Number         0  system_stm32f10x.o ABSOLUTE
    RTE\\Device\\STM32F100RB\\system_stm32f10x.c 0x00000000   Number         0  system_stm32f10x.o ABSOLUTE
    dc.s                                     0x00000000   Number         0  dc.o ABSOLUTE
    delay.cpp                                0x00000000   Number         0  delay.o ABSOLUTE
    delay.cpp                                0x00000000   Number         0  delay.o ABSOLUTE
    lcd.cpp                                  0x00000000   Number         0  lcd.o ABSOLUTE
    lcd.cpp                                  0x00000000   Number         0  lcd.o ABSOLUTE
    main.cpp                                 0x00000000   Number         0  main.o ABSOLUTE
    main.cpp                                 0x00000000   Number         0  main.o ABSOLUTE
    RESET                                    0x08000000   Section      288  startup_stm32f10x_md_vl.o(RESET)
    !!!main                                  0x08000120   Section        8  __main.o(!!!main)
    !!!scatter                               0x08000128   Section       52  __scatter.o(!!!scatter)
    !!handler_copy                           0x0800015c   Section       26  __scatter_copy.o(!!handler_copy)
    !!handler_zi                             0x08000178   Section       28  __scatter_zi.o(!!handler_zi)
    .ARM.Collect$$_printf_percent$$00000000  0x08000194   Section        0  _printf_percent.o(.ARM.Collect$$_printf_percent$$00000000)
    .ARM.Collect$$_printf_percent$$00000003  0x08000194   Section        6  _printf_f.o(.ARM.Collect$$_printf_percent$$00000003)
    .ARM.Collect$$_printf_percent$$00000009  0x0800019a   Section        6  _printf_d.o(.ARM.Collect$$_printf_percent$$00000009)
    .ARM.Collect$$_printf_percent$$00000014  0x080001a0   Section        6  _printf_s.o(.ARM.Collect$$_printf_percent$$00000014)
    .ARM.Collect$$_printf_percent$$00000017  0x080001a6   Section        4  _printf_percent_end.o(.ARM.Collect$$_printf_percent$$00000017)
    .ARM.Collect$$libinit$$00000000          0x080001aa   Section        2  libinit.o(.ARM.Collect$$libinit$$00000000)
    .ARM.Collect$$libinit$$00000002          0x080001ac   Section        0  libinit2.o(.ARM.Collect$$libinit$$00000002)
    .ARM.Collect$$libinit$$00000004          0x080001ac   Section        0  libinit2.o(.ARM.Collect$$libinit$$00000004)
    .ARM.Collect$$libinit$$0000000A          0x080001ac   Section        0  libinit2.o(.ARM.Collect$$libinit$$0000000A)
    .ARM.Collect$$libinit$$0000000C          0x080001ac   Section        0  libinit2.o(.ARM.Collect$$libinit$$0000000C)
    .ARM.Collect$$libinit$$0000000E          0x080001ac   Section        0  libinit2.o(.ARM.Collect$$libinit$$0000000E)
    .ARM.Collect$$libinit$$0000000F          0x080001ac   Section        6  libinit2.o(.ARM.Collect$$libinit$$0000000F)
    .ARM.Collect$$libinit$$00000011          0x080001b2   Section        0  libinit2.o(.ARM.Collect$$libinit$$00000011)
    .ARM.Collect$$libinit$$00000013          0x080001b2   Section        0  libinit2.o(.ARM.Collect$$libinit$$00000013)
    .ARM.Collect$$libinit$$00000015          0x080001b2   Section        0  libinit2.o(.ARM.Collect$$libinit$$00000015)
    .ARM.Collect$$libinit$$00000016          0x080001b2   Section       10  libinit2.o(.ARM.Collect$$libinit$$00000016)
    .ARM.Collect$$libinit$$00000017          0x080001bc   Section        0  libinit2.o(.ARM.Collect$$libinit$$00000017)
    .ARM.Collect$$libinit$$00000019          0x080001bc   Section        0  libinit2.o(.ARM.Collect$$libinit$$00000019)
    .ARM.Collect$$libinit$$0000001B          0x080001bc   Section        0  libinit2.o(.ARM.Collect$$libinit$$0000001B)
    .ARM.Collect$$libinit$$0000001D          0x080001bc   Section        0  libinit2.o(.ARM.Collect$$libinit$$0000001D)
    .ARM.Collect$$libinit$$0000001F          0x080001bc   Section        0  libinit2.o(.ARM.Collect$$libinit$$0000001F)
    .ARM.Collect$$libinit$$00000021          0x080001bc   Section        0  libinit2.o(.ARM.Collect$$libinit$$00000021)
    .ARM.Collect$$libinit$$00000023          0x080001bc   Section        0  libinit2.o(.ARM.Collect$$libinit$$00000023)
    .ARM.Collect$$libinit$$00000025          0x080001bc   Section        0  libinit2.o(.ARM.Collect$$libinit$$00000025)
    .ARM.Collect$$libinit$$0000002C          0x080001bc   Section        0  libinit2.o(.ARM.Collect$$libinit$$0000002C)
    .ARM.Collect$$libinit$$0000002E          0x080001bc   Section        0  libinit2.o(.ARM.Collect$$libinit$$0000002E)
    .ARM.Collect$$libinit$$00000030          0x080001bc   Section        0  libinit2.o(.ARM.Collect$$libinit$$00000030)
    .ARM.Collect$$libinit$$00000032          0x080001bc   Section        0  libinit2.o(.ARM.Collect$$libinit$$00000032)
    .ARM.Collect$$libinit$$00000033          0x080001bc   Section        2  libinit2.o(.ARM.Collect$$libinit$$00000033)
    .ARM.Collect$$libshutdown$$00000000      0x080001be   Section        2  libshutdown.o(.ARM.Collect$$libshutdown$$00000000)
    .ARM.Collect$$libshutdown$$00000002      0x080001c0   Section        0  libshutdown2.o(.ARM.Collect$$libshutdown$$00000002)
    .ARM.Collect$$libshutdown$$00000004      0x080001c0   Section        0  libshutdown2.o(.ARM.Collect$$libshutdown$$00000004)
    .ARM.Collect$$libshutdown$$00000007      0x080001c0   Section        0  libshutdown2.o(.ARM.Collect$$libshutdown$$00000007)
    .ARM.Collect$$libshutdown$$0000000A      0x080001c0   Section        0  libshutdown2.o(.ARM.Collect$$libshutdown$$0000000A)
    .ARM.Collect$$libshutdown$$0000000C      0x080001c0   Section        0  libshutdown2.o(.ARM.Collect$$libshutdown$$0000000C)
    .ARM.Collect$$libshutdown$$0000000F      0x080001c0   Section        0  libshutdown2.o(.ARM.Collect$$libshutdown$$0000000F)
    .ARM.Collect$$libshutdown$$00000010      0x080001c0   Section        2  libshutdown2.o(.ARM.Collect$$libshutdown$$00000010)
    .ARM.Collect$$rtentry$$00000000          0x080001c2   Section        0  __rtentry.o(.ARM.Collect$$rtentry$$00000000)
    .ARM.Collect$$rtentry$$00000002          0x080001c2   Section        0  __rtentry2.o(.ARM.Collect$$rtentry$$00000002)
    .ARM.Collect$$rtentry$$00000004          0x080001c2   Section        6  __rtentry4.o(.ARM.Collect$$rtentry$$00000004)
    .ARM.Collect$$rtentry$$00000009          0x080001c8   Section        0  __rtentry2.o(.ARM.Collect$$rtentry$$00000009)
    .ARM.Collect$$rtentry$$0000000A          0x080001c8   Section        4  __rtentry2.o(.ARM.Collect$$rtentry$$0000000A)
    .ARM.Collect$$rtentry$$0000000C          0x080001cc   Section        0  __rtentry2.o(.ARM.Collect$$rtentry$$0000000C)
    .ARM.Collect$$rtentry$$0000000D          0x080001cc   Section        8  __rtentry2.o(.ARM.Collect$$rtentry$$0000000D)
    .ARM.Collect$$rtexit$$00000000           0x080001d4   Section        2  rtexit.o(.ARM.Collect$$rtexit$$00000000)
    .ARM.Collect$$rtexit$$00000002           0x080001d6   Section        0  rtexit2.o(.ARM.Collect$$rtexit$$00000002)
    .ARM.Collect$$rtexit$$00000003           0x080001d6   Section        4  rtexit2.o(.ARM.Collect$$rtexit$$00000003)
    .ARM.Collect$$rtexit$$00000004           0x080001da   Section        6  rtexit2.o(.ARM.Collect$$rtexit$$00000004)
    .text                                    0x080001e0   Section       64  startup_stm32f10x_md_vl.o(.text)
    .text                                    0x08000220   Section        0  noretval__2sprintf.o(.text)
    .text                                    0x08000248   Section        0  __printf.o(.text)
    .text                                    0x080002b0   Section        0  _printf_str.o(.text)
    .text                                    0x08000304   Section        0  _printf_dec.o(.text)
    .text                                    0x0800037c   Section        0  strstr.o(.text)
    .text                                    0x080003a0   Section        0  strlen.o(.text)
    .text                                    0x080003de   Section        0  strncmp.o(.text)
    .text                                    0x08000474   Section      132  rt_memmove_v6.o(.text)
    .text                                    0x080004f8   Section       68  rt_memclr.o(.text)
    .text                                    0x0800053c   Section       78  rt_memclr_w.o(.text)
    .text                                    0x0800058a   Section        0  heapauxi.o(.text)
    .text                                    0x08000590   Section        0  _printf_intcommon.o(.text)
    .text                                    0x08000642   Section        0  _printf_fp_dec.o(.text)
    _fp_digits                               0x08000645   Thumb Code   428  _printf_fp_dec.o(.text)
    .text                                    0x08000a5c   Section        0  _printf_char_common.o(.text)
    _printf_input_char                       0x08000a5d   Thumb Code    10  _printf_char_common.o(.text)
    .text                                    0x08000a8c   Section        0  _sputc.o(.text)
    .text                                    0x08000a96   Section        0  _printf_char.o(.text)
    .text                                    0x08000ac2   Section      138  rt_memcpy_v6.o(.text)
    .text                                    0x08000b4c   Section      122  rt_memmove_w.o(.text)
    .text                                    0x08000bc8   Section        8  rt_locale_intlibspace.o(.text)
    .text                                    0x08000bd0   Section      138  lludiv10.o(.text)
    .text                                    0x08000c5c   Section        0  _printf_fp_infnan.o(.text)
    .text                                    0x08000cdc   Section        0  bigflt0.o(.text)
    .text                                    0x08000db8   Section      100  rt_memcpy_w.o(.text)
    .text                                    0x08000e1c   Section        8  libspace.o(.text)
    .text                                    0x08000e24   Section       74  sys_stackheap_outer.o(.text)
    .text                                    0x08000e6e   Section        0  exit.o(.text)
    .text                                    0x08000e80   Section      128  strcmpv7m.o(.text)
    .text                                    0x08000f00   Section        0  sys_exit.o(.text)
    .text                                    0x08000f0c   Section        2  use_no_semi.o(.text)
    .text                                    0x08000f0e   Section        0  indicate_semi.o(.text)
    CL$$btod_d2e                             0x08000f0e   Section       62  btod.o(CL$$btod_d2e)
    CL$$btod_d2e_denorm_low                  0x08000f4c   Section       70  btod.o(CL$$btod_d2e_denorm_low)
    CL$$btod_d2e_norm_op1                    0x08000f92   Section       96  btod.o(CL$$btod_d2e_norm_op1)
    CL$$btod_div_common                      0x08000ff2   Section      824  btod.o(CL$$btod_div_common)
    CL$$btod_e2e                             0x0800132a   Section      198  btod.o(CL$$btod_e2e)
    CL$$btod_ediv                            0x080013f0   Section       40  btod.o(CL$$btod_ediv)
    CL$$btod_emul                            0x08001418   Section       40  btod.o(CL$$btod_emul)
    CL$$btod_mult_common                     0x08001440   Section      580  btod.o(CL$$btod_mult_common)
    i.SetSysClock                            0x08001684   Section        0  system_stm32f10x.o(i.SetSysClock)
    SetSysClock                              0x08001685   Thumb Code     8  system_stm32f10x.o(i.SetSysClock)
    i.SetSysClockTo24                        0x0800168c   Section        0  system_stm32f10x.o(i.SetSysClockTo24)
    SetSysClockTo24                          0x0800168d   Thumb Code   178  system_stm32f10x.o(i.SetSysClockTo24)
    i.SystemInit                             0x08001744   Section        0  system_stm32f10x.o(i.SystemInit)
    i.USART1_IRQHandler                      0x080017a8   Section        0  main.o(i.USART1_IRQHandler)
    i.USART2_IRQHandler                      0x080017e4   Section        0  main.o(i.USART2_IRQHandler)
    i._Z10clear_buffv                        0x080018e0   Section        0  main.o(i._Z10clear_buffv)
    i._Z10init_UART2v                        0x080018f0   Section        0  main.o(i._Z10init_UART2v)
    i._Z12convert_tempv                      0x08001948   Section        0  main.o(i._Z12convert_tempv)
    i._Z12get_responsePc                     0x080019f8   Section        0  main.o(i._Z12get_responsePc)
    i._Z13convert_moistv                     0x08001a28   Section        0  main.o(i._Z13convert_moistv)
    i._Z14AT_CommunicatePcS_                 0x08001a78   Section        0  main.o(i._Z14AT_CommunicatePcS_)
    i._Z14check_responsePc                   0x08001a9c   Section        0  main.o(i._Z14check_responsePc)
    i._Z16__NVIC_EnableIRQ4IRQn              0x08001b40   Section        0  main.o(i._Z16__NVIC_EnableIRQ4IRQn)
    __NVIC_EnableIRQ(IRQn)                   0x08001b41   Thumb Code    26  main.o(i._Z16__NVIC_EnableIRQ4IRQn)
    i._Z18__NVIC_SetPriority4IRQnj           0x08001b5c   Section        0  main.o(i._Z18__NVIC_SetPriority4IRQnj)
    __NVIC_SetPriority(IRQn, unsigned)       0x08001b5d   Thumb Code    32  main.o(i._Z18__NVIC_SetPriority4IRQnj)
    i._Z22__NVIC_ClearPendingIRQ4IRQn        0x08001b84   Section        0  main.o(i._Z22__NVIC_ClearPendingIRQ4IRQn)
    __NVIC_ClearPendingIRQ(IRQn)             0x08001b85   Thumb Code    22  main.o(i._Z22__NVIC_ClearPendingIRQ4IRQn)
    i._Z3cmdc                                0x08001ba0   Section        0  lcd.o(i._Z3cmdc)
    i._Z3lcdPc                               0x08001bec   Section        0  lcd.o(i._Z3lcdPc)
    i._Z3lcdd                                0x08001c04   Section        0  lcd.o(i._Z3lcdd)
    i._Z3lcdi                                0x08001c8c   Section        0  lcd.o(i._Z3lcdi)
    i._Z6JoinAPPcS_                          0x08001d20   Section        0  main.o(i._Z6JoinAPPcS_)
    i._Z7UART_txPc                           0x08001df0   Section        0  main.o(i._Z7UART_txPc)
    i._Z7UART_txc                            0x08001e08   Section        0  main.o(i._Z7UART_txc)
    i._Z7delaymsj                            0x08001e24   Section        0  delay.o(i._Z7delaymsj)
    i._Z8ESP_Modeh                           0x08001e70   Section        0  main.o(i._Z8ESP_Modeh)
    i._Z8TCP_modeh                           0x08001eb4   Section        0  main.o(i._Z8TCP_modeh)
    i._Z8TCP_statv                           0x08001ef8   Section        0  main.o(i._Z8TCP_statv)
    i._Z8UART2_rxv                           0x08001f8c   Section        0  main.o(i._Z8UART2_rxv)
    i._Z8UART2_txPc                          0x08001fa8   Section        0  main.o(i._Z8UART2_txPc)
    i._Z8UART2_txc                           0x08001fc0   Section        0  main.o(i._Z8UART2_txc)
    i._Z8init_lcdv                           0x08001fdc   Section        0  lcd.o(i._Z8init_lcdv)
    i._Z8lcd_datac                           0x08002064   Section        0  lcd.o(i._Z8lcd_datac)
    i._Z8wake_ESPv                           0x080020ac   Section        0  main.o(i._Z8wake_ESPv)
    i._Z9TCP_starthPcS_                      0x080020dc   Section        0  main.o(i._Z9TCP_starthPcS_)
    i._Z9UART2_strPc                         0x080021a0   Section        0  main.o(i._Z9UART2_strPc)
    i._Z9Wifi_modeh                          0x080021c8   Section        0  main.o(i._Z9Wifi_modeh)
    i._Z9init_UARTv                          0x0800220c   Section        0  main.o(i._Z9init_UARTv)
    i._Z9send_dataPc                         0x0800224c   Section        0  main.o(i._Z9send_dataPc)
    i._ZSt6strstrPcPKc                       0x080022c0   Section        0  main.o(i._ZSt6strstrPcPKc)
    i.__ARM_fpclassify                       0x080022d0   Section        0  fpclassify.o(i.__ARM_fpclassify)
    i.main                                   0x080022f8   Section        0  main.o(i.main)
    locale$$code                             0x080027d4   Section       44  lc_numeric_c.o(locale$$code)
    x$fpl$d2f                                0x08002800   Section       98  d2f.o(x$fpl$d2f)
    x$fpl$dadd                               0x08002864   Section      336  daddsub_clz.o(x$fpl$dadd)
    _dadd1                                   0x08002875   Thumb Code     0  daddsub_clz.o(x$fpl$dadd)
    x$fpl$dcmpinf                            0x080029b4   Section       24  dcmpi.o(x$fpl$dcmpinf)
    x$fpl$ddiv                               0x080029cc   Section      688  ddiv.o(x$fpl$ddiv)
    ddiv_entry                               0x080029d3   Thumb Code     0  ddiv.o(x$fpl$ddiv)
    x$fpl$dfix                               0x08002c7c   Section       94  dfix.o(x$fpl$dfix)
    x$fpl$dflt                               0x08002cda   Section       46  dflt_clz.o(x$fpl$dflt)
    x$fpl$dfltu                              0x08002d08   Section       38  dflt_clz.o(x$fpl$dfltu)
    x$fpl$dleqf                              0x08002d30   Section      120  dleqf.o(x$fpl$dleqf)
    x$fpl$dmul                               0x08002da8   Section      340  dmul.o(x$fpl$dmul)
    x$fpl$dnaninf                            0x08002efc   Section      156  dnaninf.o(x$fpl$dnaninf)
    x$fpl$dretinf                            0x08002f98   Section       12  dretinf.o(x$fpl$dretinf)
    x$fpl$drleqf                             0x08002fa4   Section      108  drleqf.o(x$fpl$drleqf)
    x$fpl$drsb                               0x08003010   Section       22  daddsub_clz.o(x$fpl$drsb)
    x$fpl$dsub                               0x08003028   Section      468  daddsub_clz.o(x$fpl$dsub)
    _dsub1                                   0x08003039   Thumb Code     0  daddsub_clz.o(x$fpl$dsub)
    x$fpl$f2d                                0x080031fc   Section       86  f2d.o(x$fpl$f2d)
    x$fpl$fadd                               0x08003254   Section      196  faddsub_clz.o(x$fpl$fadd)
    _fadd1                                   0x08003263   Thumb Code     0  faddsub_clz.o(x$fpl$fadd)
    x$fpl$fcmpinf                            0x08003318   Section       24  fcmpi.o(x$fpl$fcmpinf)
    x$fpl$fdiv                               0x08003330   Section      388  fdiv.o(x$fpl$fdiv)
    _fdiv1                                   0x08003331   Thumb Code     0  fdiv.o(x$fpl$fdiv)
    x$fpl$ffix                               0x080034b4   Section       54  ffix.o(x$fpl$ffix)
    x$fpl$ffltu                              0x080034ec   Section       38  fflt_clz.o(x$fpl$ffltu)
    x$fpl$fleqf                              0x08003514   Section      104  fleqf.o(x$fpl$fleqf)
    x$fpl$fmul                               0x0800357c   Section      258  fmul.o(x$fpl$fmul)
    x$fpl$fnaninf                            0x0800367e   Section      140  fnaninf.o(x$fpl$fnaninf)
    x$fpl$fretinf                            0x0800370a   Section       10  fretinf.o(x$fpl$fretinf)
    x$fpl$frleqf                             0x08003714   Section       98  frleqf.o(x$fpl$frleqf)
    x$fpl$frsb                               0x08003776   Section       20  faddsub_clz.o(x$fpl$frsb)
    x$fpl$fsub                               0x0800378c   Section      234  faddsub_clz.o(x$fpl$fsub)
    _fsub1                                   0x0800379b   Thumb Code     0  faddsub_clz.o(x$fpl$fsub)
    x$fpl$printf1                            0x08003876   Section        4  printf1.o(x$fpl$printf1)
    x$fpl$usenofp                            0x0800387a   Section        0  usenofp.o(x$fpl$usenofp)
    .constdata                               0x0800387c   Section      148  bigflt0.o(.constdata)
    tenpwrs_x                                0x0800387c   Data          60  bigflt0.o(.constdata)
    tenpwrs_i                                0x080038b8   Data          64  bigflt0.o(.constdata)
    locale$$data                             0x08003930   Section       28  lc_numeric_c.o(locale$$data)
    __lcnum_c_name                           0x08003934   Data           2  lc_numeric_c.o(locale$$data)
    __lcnum_c_start                          0x0800393c   Data           0  lc_numeric_c.o(locale$$data)
    __lcnum_c_point                          0x08003948   Data           0  lc_numeric_c.o(locale$$data)
    __lcnum_c_thousands                      0x0800394a   Data           0  lc_numeric_c.o(locale$$data)
    __lcnum_c_grouping                       0x0800394b   Data           0  lc_numeric_c.o(locale$$data)
    __lcnum_c_end                            0x0800394c   Data           0  lc_numeric_c.o(locale$$data)
    .data                                    0x20000000   Section       13  main.o(.data)
    .bss                                     0x20000010   Section       60  main.o(.bss)
    .bss                                     0x2000004c   Section       96  libspace.o(.bss)
    HEAP                                     0x200000b0   Section      512  startup_stm32f10x_md_vl.o(HEAP)
    Heap_Mem                                 0x200000b0   Data         512  startup_stm32f10x_md_vl.o(HEAP)
    STACK                                    0x200002b0   Section     1024  startup_stm32f10x_md_vl.o(STACK)
    Stack_Mem                                0x200002b0   Data        1024  startup_stm32f10x_md_vl.o(STACK)
    __initial_sp                             0x200006b0   Data           0  startup_stm32f10x_md_vl.o(STACK)

    Global Symbols

    Symbol Name                              Value     Ov Type        Size  Object(Section)

    BuildAttributes$$THM_ISAv4$P$D$K$B$S$PE$A:L22UL41UL21$X:L11$S22US41US21$IEEE1$IW$USESV6$~STKCKD$USESV7$~SHL$OTIME$ROPI$IEEEJ$EBA8$UX$STANDARDLIB$REQ8$PRES8$EABIv2 0x00000000   Number         0  anon$$obj.o ABSOLUTE
    __ARM_use_no_argv                        0x00000000   Number         0  main.o ABSOLUTE
    __ARM_exceptions_init                     - Undefined Weak Reference
    __alloca_initialize                       - Undefined Weak Reference
    __arm_preinit_                            - Undefined Weak Reference
    __cpp_initialize__aeabi_                  - Undefined Weak Reference
    __cxa_finalize                            - Undefined Weak Reference
    __sigvec_lookup                           - Undefined Weak Reference
    _atexit_init                              - Undefined Weak Reference
    _call_atexit_fns                          - Undefined Weak Reference
    _clock_init                               - Undefined Weak Reference
    _fp_trap_init                             - Undefined Weak Reference
    _fp_trap_shutdown                         - Undefined Weak Reference
    _get_lc_collate                           - Undefined Weak Reference
    _get_lc_ctype                             - Undefined Weak Reference
    _get_lc_monetary                          - Undefined Weak Reference
    _get_lc_time                              - Undefined Weak Reference
    _getenv_init                              - Undefined Weak Reference
    _handle_redirection                       - Undefined Weak Reference
    _init_alloc                               - Undefined Weak Reference
    _init_user_alloc                          - Undefined Weak Reference
    _initio                                   - Undefined Weak Reference
    _printf_mbtowc                            - Undefined Weak Reference
    _printf_post_padding                      - Undefined Weak Reference
    _printf_pre_padding                       - Undefined Weak Reference
    _printf_truncate_signed                   - Undefined Weak Reference
    _printf_truncate_unsigned                 - Undefined Weak Reference
    _rand_init                                - Undefined Weak Reference
    _signal_finish                            - Undefined Weak Reference
    _signal_init                              - Undefined Weak Reference
    _terminate_alloc                          - Undefined Weak Reference
    _terminate_user_alloc                     - Undefined Weak Reference
    _terminateio                              - Undefined Weak Reference
    __Vectors_Size                           0x00000120   Number         0  startup_stm32f10x_md_vl.o ABSOLUTE
    __Vectors                                0x08000000   Data           4  startup_stm32f10x_md_vl.o(RESET)
    __Vectors_End                            0x08000120   Data           0  startup_stm32f10x_md_vl.o(RESET)
    __main                                   0x08000121   Thumb Code     8  __main.o(!!!main)
    __scatterload                            0x08000129   Thumb Code     0  __scatter.o(!!!scatter)
    __scatterload_rt2                        0x08000129   Thumb Code    44  __scatter.o(!!!scatter)
    __scatterload_rt2_thumb_only             0x08000129   Thumb Code     0  __scatter.o(!!!scatter)
    __scatterload_null                       0x08000137   Thumb Code     0  __scatter.o(!!!scatter)
    __scatterload_copy                       0x0800015d   Thumb Code    26  __scatter_copy.o(!!handler_copy)
    __scatterload_zeroinit                   0x08000179   Thumb Code    28  __scatter_zi.o(!!handler_zi)
    _printf_f                                0x08000195   Thumb Code     0  _printf_f.o(.ARM.Collect$$_printf_percent$$00000003)
    _printf_percent                          0x08000195   Thumb Code     0  _printf_percent.o(.ARM.Collect$$_printf_percent$$00000000)
    _printf_d                                0x0800019b   Thumb Code     0  _printf_d.o(.ARM.Collect$$_printf_percent$$00000009)
    _printf_s                                0x080001a1   Thumb Code     0  _printf_s.o(.ARM.Collect$$_printf_percent$$00000014)
    _printf_percent_end                      0x080001a7   Thumb Code     0  _printf_percent_end.o(.ARM.Collect$$_printf_percent$$00000017)
    __rt_lib_init                            0x080001ab   Thumb Code     0  libinit.o(.ARM.Collect$$libinit$$00000000)
    __rt_lib_init_fp_1                       0x080001ad   Thumb Code     0  libinit2.o(.ARM.Collect$$libinit$$00000002)
    __rt_lib_init_heap_1                     0x080001ad   Thumb Code     0  libinit2.o(.ARM.Collect$$libinit$$0000000A)
    __rt_lib_init_lc_common                  0x080001ad   Thumb Code     0  libinit2.o(.ARM.Collect$$libinit$$0000000F)
    __rt_lib_init_preinit_1                  0x080001ad   Thumb Code     0  libinit2.o(.ARM.Collect$$libinit$$00000004)
    __rt_lib_init_rand_1                     0x080001ad   Thumb Code     0  libinit2.o(.ARM.Collect$$libinit$$0000000E)
    __rt_lib_init_user_alloc_1               0x080001ad   Thumb Code     0  libinit2.o(.ARM.Collect$$libinit$$0000000C)
    __rt_lib_init_lc_collate_1               0x080001b3   Thumb Code     0  libinit2.o(.ARM.Collect$$libinit$$00000011)
    __rt_lib_init_lc_ctype_1                 0x080001b3   Thumb Code     0  libinit2.o(.ARM.Collect$$libinit$$00000013)
    __rt_lib_init_lc_monetary_1              0x080001b3   Thumb Code     0  libinit2.o(.ARM.Collect$$libinit$$00000015)
    __rt_lib_init_lc_numeric_2               0x080001b3   Thumb Code     0  libinit2.o(.ARM.Collect$$libinit$$00000016)
    __rt_lib_init_alloca_1                   0x080001bd   Thumb Code     0  libinit2.o(.ARM.Collect$$libinit$$0000002E)
    __rt_lib_init_argv_1                     0x080001bd   Thumb Code     0  libinit2.o(.ARM.Collect$$libinit$$0000002C)
    __rt_lib_init_atexit_1                   0x080001bd   Thumb Code     0  libinit2.o(.ARM.Collect$$libinit$$0000001B)
    __rt_lib_init_clock_1                    0x080001bd   Thumb Code     0  libinit2.o(.ARM.Collect$$libinit$$00000021)
    __rt_lib_init_cpp_1                      0x080001bd   Thumb Code     0  libinit2.o(.ARM.Collect$$libinit$$00000032)
    __rt_lib_init_exceptions_1               0x080001bd   Thumb Code     0  libinit2.o(.ARM.Collect$$libinit$$00000030)
    __rt_lib_init_fp_trap_1                  0x080001bd   Thumb Code     0  libinit2.o(.ARM.Collect$$libinit$$0000001F)
    __rt_lib_init_getenv_1                   0x080001bd   Thumb Code     0  libinit2.o(.ARM.Collect$$libinit$$00000023)
    __rt_lib_init_lc_numeric_1               0x080001bd   Thumb Code     0  libinit2.o(.ARM.Collect$$libinit$$00000017)
    __rt_lib_init_lc_time_1                  0x080001bd   Thumb Code     0  libinit2.o(.ARM.Collect$$libinit$$00000019)
    __rt_lib_init_return                     0x080001bd   Thumb Code     0  libinit2.o(.ARM.Collect$$libinit$$00000033)
    __rt_lib_init_signal_1                   0x080001bd   Thumb Code     0  libinit2.o(.ARM.Collect$$libinit$$0000001D)
    __rt_lib_init_stdio_1                    0x080001bd   Thumb Code     0  libinit2.o(.ARM.Collect$$libinit$$00000025)
    __rt_lib_shutdown                        0x080001bf   Thumb Code     0  libshutdown.o(.ARM.Collect$$libshutdown$$00000000)
    __rt_lib_shutdown_cpp_1                  0x080001c1   Thumb Code     0  libshutdown2.o(.ARM.Collect$$libshutdown$$00000002)
    __rt_lib_shutdown_fp_trap_1              0x080001c1   Thumb Code     0  libshutdown2.o(.ARM.Collect$$libshutdown$$00000007)
    __rt_lib_shutdown_heap_1                 0x080001c1   Thumb Code     0  libshutdown2.o(.ARM.Collect$$libshutdown$$0000000F)
    __rt_lib_shutdown_return                 0x080001c1   Thumb Code     0  libshutdown2.o(.ARM.Collect$$libshutdown$$00000010)
    __rt_lib_shutdown_signal_1               0x080001c1   Thumb Code     0  libshutdown2.o(.ARM.Collect$$libshutdown$$0000000A)
    __rt_lib_shutdown_stdio_1                0x080001c1   Thumb Code     0  libshutdown2.o(.ARM.Collect$$libshutdown$$00000004)
    __rt_lib_shutdown_user_alloc_1           0x080001c1   Thumb Code     0  libshutdown2.o(.ARM.Collect$$libshutdown$$0000000C)
    __rt_entry                               0x080001c3   Thumb Code     0  __rtentry.o(.ARM.Collect$$rtentry$$00000000)
    __rt_entry_presh_1                       0x080001c3   Thumb Code     0  __rtentry2.o(.ARM.Collect$$rtentry$$00000002)
    __rt_entry_sh                            0x080001c3   Thumb Code     0  __rtentry4.o(.ARM.Collect$$rtentry$$00000004)
    __rt_entry_li                            0x080001c9   Thumb Code     0  __rtentry2.o(.ARM.Collect$$rtentry$$0000000A)
    __rt_entry_postsh_1                      0x080001c9   Thumb Code     0  __rtentry2.o(.ARM.Collect$$rtentry$$00000009)
    __rt_entry_main                          0x080001cd   Thumb Code     0  __rtentry2.o(.ARM.Collect$$rtentry$$0000000D)
    __rt_entry_postli_1                      0x080001cd   Thumb Code     0  __rtentry2.o(.ARM.Collect$$rtentry$$0000000C)
    __rt_exit                                0x080001d5   Thumb Code     0  rtexit.o(.ARM.Collect$$rtexit$$00000000)
    __rt_exit_ls                             0x080001d7   Thumb Code     0  rtexit2.o(.ARM.Collect$$rtexit$$00000003)
    __rt_exit_prels_1                        0x080001d7   Thumb Code     0  rtexit2.o(.ARM.Collect$$rtexit$$00000002)
    __rt_exit_exit                           0x080001db   Thumb Code     0  rtexit2.o(.ARM.Collect$$rtexit$$00000004)
    Reset_Handler                            0x080001e1   Thumb Code     8  startup_stm32f10x_md_vl.o(.text)
    NMI_Handler                              0x080001e9   Thumb Code     2  startup_stm32f10x_md_vl.o(.text)
    HardFault_Handler                        0x080001eb   Thumb Code     2  startup_stm32f10x_md_vl.o(.text)
    MemManage_Handler                        0x080001ed   Thumb Code     2  startup_stm32f10x_md_vl.o(.text)
    BusFault_Handler                         0x080001ef   Thumb Code     2  startup_stm32f10x_md_vl.o(.text)
    UsageFault_Handler                       0x080001f1   Thumb Code     2  startup_stm32f10x_md_vl.o(.text)
    SVC_Handler                              0x080001f3   Thumb Code     2  startup_stm32f10x_md_vl.o(.text)
    DebugMon_Handler                         0x080001f5   Thumb Code     2  startup_stm32f10x_md_vl.o(.text)
    PendSV_Handler                           0x080001f7   Thumb Code     2  startup_stm32f10x_md_vl.o(.text)
    SysTick_Handler                          0x080001f9   Thumb Code     2  startup_stm32f10x_md_vl.o(.text)
    ADC1_IRQHandler                          0x080001fb   Thumb Code     0  startup_stm32f10x_md_vl.o(.text)
    CEC_IRQHandler                           0x080001fb   Thumb Code     0  startup_stm32f10x_md_vl.o(.text)
    DMA1_Channel1_IRQHandler                 0x080001fb   Thumb Code     0  startup_stm32f10x_md_vl.o(.text)
    DMA1_Channel2_IRQHandler                 0x080001fb   Thumb Code     0  startup_stm32f10x_md_vl.o(.text)
    DMA1_Channel3_IRQHandler                 0x080001fb   Thumb Code     0  startup_stm32f10x_md_vl.o(.text)
    DMA1_Channel4_IRQHandler                 0x080001fb   Thumb Code     0  startup_stm32f10x_md_vl.o(.text)
    DMA1_Channel5_IRQHandler                 0x080001fb   Thumb Code     0  startup_stm32f10x_md_vl.o(.text)
    DMA1_Channel6_IRQHandler                 0x080001fb   Thumb Code     0  startup_stm32f10x_md_vl.o(.text)
    DMA1_Channel7_IRQHandler                 0x080001fb   Thumb Code     0  startup_stm32f10x_md_vl.o(.text)
    EXTI0_IRQHandler                         0x080001fb   Thumb Code     0  startup_stm32f10x_md_vl.o(.text)
    EXTI15_10_IRQHandler                     0x080001fb   Thumb Code     0  startup_stm32f10x_md_vl.o(.text)
    EXTI1_IRQHandler                         0x080001fb   Thumb Code     0  startup_stm32f10x_md_vl.o(.text)
    EXTI2_IRQHandler                         0x080001fb   Thumb Code     0  startup_stm32f10x_md_vl.o(.text)
    EXTI3_IRQHandler                         0x080001fb   Thumb Code     0  startup_stm32f10x_md_vl.o(.text)
    EXTI4_IRQHandler                         0x080001fb   Thumb Code     0  startup_stm32f10x_md_vl.o(.text)
    EXTI9_5_IRQHandler                       0x080001fb   Thumb Code     0  startup_stm32f10x_md_vl.o(.text)
    FLASH_IRQHandler                         0x080001fb   Thumb Code     0  startup_stm32f10x_md_vl.o(.text)
    I2C1_ER_IRQHandler                       0x080001fb   Thumb Code     0  startup_stm32f10x_md_vl.o(.text)
    I2C1_EV_IRQHandler                       0x080001fb   Thumb Code     0  startup_stm32f10x_md_vl.o(.text)
    I2C2_ER_IRQHandler                       0x080001fb   Thumb Code     0  startup_stm32f10x_md_vl.o(.text)
    I2C2_EV_IRQHandler                       0x080001fb   Thumb Code     0  startup_stm32f10x_md_vl.o(.text)
    PVD_IRQHandler                           0x080001fb   Thumb Code     0  startup_stm32f10x_md_vl.o(.text)
    RCC_IRQHandler                           0x080001fb   Thumb Code     0  startup_stm32f10x_md_vl.o(.text)
    RTCAlarm_IRQHandler                      0x080001fb   Thumb Code     0  startup_stm32f10x_md_vl.o(.text)
    RTC_IRQHandler                           0x080001fb   Thumb Code     0  startup_stm32f10x_md_vl.o(.text)
    SPI1_IRQHandler                          0x080001fb   Thumb Code     0  startup_stm32f10x_md_vl.o(.text)
    SPI2_IRQHandler                          0x080001fb   Thumb Code     0  startup_stm32f10x_md_vl.o(.text)
    TAMPER_IRQHandler                        0x080001fb   Thumb Code     0  startup_stm32f10x_md_vl.o(.text)
    TIM1_BRK_TIM15_IRQHandler                0x080001fb   Thumb Code     0  startup_stm32f10x_md_vl.o(.text)
    TIM1_CC_IRQHandler                       0x080001fb   Thumb Code     0  startup_stm32f10x_md_vl.o(.text)
    TIM1_TRG_COM_TIM17_IRQHandler            0x080001fb   Thumb Code     0  startup_stm32f10x_md_vl.o(.text)
    TIM1_UP_TIM16_IRQHandler                 0x080001fb   Thumb Code     0  startup_stm32f10x_md_vl.o(.text)
    TIM2_IRQHandler                          0x080001fb   Thumb Code     0  startup_stm32f10x_md_vl.o(.text)
    TIM3_IRQHandler                          0x080001fb   Thumb Code     0  startup_stm32f10x_md_vl.o(.text)
    TIM4_IRQHandler                          0x080001fb   Thumb Code     0  startup_stm32f10x_md_vl.o(.text)
    TIM6_DAC_IRQHandler                      0x080001fb   Thumb Code     0  startup_stm32f10x_md_vl.o(.text)
    TIM7_IRQHandler                          0x080001fb   Thumb Code     0  startup_stm32f10x_md_vl.o(.text)
    USART3_IRQHandler                        0x080001fb   Thumb Code     0  startup_stm32f10x_md_vl.o(.text)
    WWDG_IRQHandler                          0x080001fb   Thumb Code     0  startup_stm32f10x_md_vl.o(.text)
    __user_initial_stackheap                 0x080001fd   Thumb Code     0  startup_stm32f10x_md_vl.o(.text)
    __2sprintf                               0x08000221   Thumb Code    34  noretval__2sprintf.o(.text)
    __printf                                 0x08000249   Thumb Code   104  __printf.o(.text)
    _printf_str                              0x080002b1   Thumb Code    82  _printf_str.o(.text)
    _printf_int_dec                          0x08000305   Thumb Code   104  _printf_dec.o(.text)
    strstr                                   0x0800037d   Thumb Code    36  strstr.o(.text)
    strlen                                   0x080003a1   Thumb Code    62  strlen.o(.text)
    strncmp                                  0x080003df   Thumb Code   150  strncmp.o(.text)
    __aeabi_memmove                          0x08000475   Thumb Code     0  rt_memmove_v6.o(.text)
    __rt_memmove                             0x08000475   Thumb Code   132  rt_memmove_v6.o(.text)
    __memmove_lastfew                        0x080004d5   Thumb Code     0  rt_memmove_v6.o(.text)
    __aeabi_memclr                           0x080004f9   Thumb Code     0  rt_memclr.o(.text)
    __rt_memclr                              0x080004f9   Thumb Code    68  rt_memclr.o(.text)
    _memset                                  0x080004fd   Thumb Code     0  rt_memclr.o(.text)
    __aeabi_memclr4                          0x0800053d   Thumb Code     0  rt_memclr_w.o(.text)
    __aeabi_memclr8                          0x0800053d   Thumb Code     0  rt_memclr_w.o(.text)
    __rt_memclr_w                            0x0800053d   Thumb Code    78  rt_memclr_w.o(.text)
    _memset_w                                0x08000541   Thumb Code     0  rt_memclr_w.o(.text)
    __use_two_region_memory                  0x0800058b   Thumb Code     2  heapauxi.o(.text)
    __rt_heap_escrow$2region                 0x0800058d   Thumb Code     2  heapauxi.o(.text)
    __rt_heap_expand$2region                 0x0800058f   Thumb Code     2  heapauxi.o(.text)
    _printf_int_common                       0x08000591   Thumb Code   178  _printf_intcommon.o(.text)
    __lib_sel_fp_printf                      0x08000643   Thumb Code     2  _printf_fp_dec.o(.text)
    _printf_fp_dec_real                      0x080007f1   Thumb Code   620  _printf_fp_dec.o(.text)
    _printf_char_common                      0x08000a67   Thumb Code    32  _printf_char_common.o(.text)
    _sputc                                   0x08000a8d   Thumb Code    10  _sputc.o(.text)
    _printf_cs_common                        0x08000a97   Thumb Code    20  _printf_char.o(.text)
    _printf_char                             0x08000aab   Thumb Code    16  _printf_char.o(.text)
    _printf_string                           0x08000abb   Thumb Code     8  _printf_char.o(.text)
    __aeabi_memcpy                           0x08000ac3   Thumb Code     0  rt_memcpy_v6.o(.text)
    __rt_memcpy                              0x08000ac3   Thumb Code   138  rt_memcpy_v6.o(.text)
    _memcpy_lastbytes                        0x08000b29   Thumb Code     0  rt_memcpy_v6.o(.text)
    __aeabi_memmove4                         0x08000b4d   Thumb Code     0  rt_memmove_w.o(.text)
    __aeabi_memmove8                         0x08000b4d   Thumb Code     0  rt_memmove_w.o(.text)
    __rt_memmove_w                           0x08000b4d   Thumb Code   122  rt_memmove_w.o(.text)
    __memmove_aligned                        0x08000b73   Thumb Code     0  rt_memmove_w.o(.text)
    __memmove_lastfew_aligned                0x08000bab   Thumb Code     0  rt_memmove_w.o(.text)
    __rt_locale                              0x08000bc9   Thumb Code     8  rt_locale_intlibspace.o(.text)
    _ll_udiv10                               0x08000bd1   Thumb Code   138  lludiv10.o(.text)
    _printf_fp_infnan                        0x08000c5d   Thumb Code   112  _printf_fp_infnan.o(.text)
    _btod_etento                             0x08000cdd   Thumb Code   216  bigflt0.o(.text)
    __aeabi_memcpy4                          0x08000db9   Thumb Code     0  rt_memcpy_w.o(.text)
    __aeabi_memcpy8                          0x08000db9   Thumb Code     0  rt_memcpy_w.o(.text)
    __rt_memcpy_w                            0x08000db9   Thumb Code   100  rt_memcpy_w.o(.text)
    _memcpy_lastbytes_aligned                0x08000e01   Thumb Code     0  rt_memcpy_w.o(.text)
    __user_libspace                          0x08000e1d   Thumb Code     8  libspace.o(.text)
    __user_perproc_libspace                  0x08000e1d   Thumb Code     0  libspace.o(.text)
    __user_perthread_libspace                0x08000e1d   Thumb Code     0  libspace.o(.text)
    __user_setup_stackheap                   0x08000e25   Thumb Code    74  sys_stackheap_outer.o(.text)
    exit                                     0x08000e6f   Thumb Code    18  exit.o(.text)
    strcmp                                   0x08000e81   Thumb Code   128  strcmpv7m.o(.text)
    _sys_exit                                0x08000f01   Thumb Code     8  sys_exit.o(.text)
    __I$use$semihosting                      0x08000f0d   Thumb Code     0  use_no_semi.o(.text)
    __use_no_semihosting_swi                 0x08000f0d   Thumb Code     2  use_no_semi.o(.text)
    __semihosting_library_function           0x08000f0f   Thumb Code     0  indicate_semi.o(.text)
    _btod_d2e                                0x08000f0f   Thumb Code    62  btod.o(CL$$btod_d2e)
    _d2e_denorm_low                          0x08000f4d   Thumb Code    70  btod.o(CL$$btod_d2e_denorm_low)
    _d2e_norm_op1                            0x08000f93   Thumb Code    96  btod.o(CL$$btod_d2e_norm_op1)
    __btod_div_common                        0x08000ff3   Thumb Code   696  btod.o(CL$$btod_div_common)
    _e2e                                     0x0800132b   Thumb Code   198  btod.o(CL$$btod_e2e)
    _btod_ediv                               0x080013f1   Thumb Code    40  btod.o(CL$$btod_ediv)
    _btod_emul                               0x08001419   Thumb Code    40  btod.o(CL$$btod_emul)
    __btod_mult_common                       0x08001441   Thumb Code   580  btod.o(CL$$btod_mult_common)
    SystemInit                               0x08001745   Thumb Code    82  system_stm32f10x.o(i.SystemInit)
    USART1_IRQHandler                        0x080017a9   Thumb Code    48  main.o(i.USART1_IRQHandler)
    USART2_IRQHandler                        0x080017e5   Thumb Code   170  main.o(i.USART2_IRQHandler)
    clear_buff()                             0x080018e1   Thumb Code    12  main.o(i._Z10clear_buffv)
    init_UART2()                             0x080018f1   Thumb Code    74  main.o(i._Z10init_UART2v)
    convert_temp()                           0x08001949   Thumb Code   152  main.o(i._Z12convert_tempv)
    get_response(char*)                      0x080019f9   Thumb Code    42  main.o(i._Z12get_responsePc)
    convert_moist()                          0x08001a29   Thumb Code    70  main.o(i._Z13convert_moistv)
    AT_Communicate(char*, char*)             0x08001a79   Thumb Code    30  main.o(i._Z14AT_CommunicatePcS_)
    check_response(char*)                    0x08001a9d   Thumb Code   156  main.o(i._Z14check_responsePc)
    cmd(char)                                0x08001ba1   Thumb Code    68  lcd.o(i._Z3cmdc)
    lcd(char*)                               0x08001bed   Thumb Code    22  lcd.o(i._Z3lcdPc)
    lcd(double)                              0x08001c05   Thumb Code   132  lcd.o(i._Z3lcdd)
    lcd(int)                                 0x08001c8d   Thumb Code   146  lcd.o(i._Z3lcdi)
    JoinAP(char*, char*)                     0x08001d21   Thumb Code   110  main.o(i._Z6JoinAPPcS_)
    UART_tx(char*)                           0x08001df1   Thumb Code    22  main.o(i._Z7UART_txPc)
    UART_tx(char)                            0x08001e09   Thumb Code    22  main.o(i._Z7UART_txc)
    delayms(unsigned)                        0x08001e25   Thumb Code    66  delay.o(i._Z7delaymsj)
    ESP_Mode(unsigned char)                  0x08001e71   Thumb Code    42  main.o(i._Z8ESP_Modeh)
    TCP_mode(unsigned char)                  0x08001eb5   Thumb Code    42  main.o(i._Z8TCP_modeh)
    TCP_stat()                               0x08001ef9   Thumb Code    70  main.o(i._Z8TCP_statv)
    UART2_rx()                               0x08001f8d   Thumb Code    24  main.o(i._Z8UART2_rxv)
    UART2_tx(char*)                          0x08001fa9   Thumb Code    22  main.o(i._Z8UART2_txPc)
    UART2_tx(char)                           0x08001fc1   Thumb Code    22  main.o(i._Z8UART2_txc)
    init_lcd()                               0x08001fdd   Thumb Code   122  lcd.o(i._Z8init_lcdv)
    lcd_data(char)                           0x08002065   Thumb Code    64  lcd.o(i._Z8lcd_datac)
    wake_ESP()                               0x080020ad   Thumb Code    36  main.o(i._Z8wake_ESPv)
    TCP_start(unsigned char, char*, char*)   0x080020dd   Thumb Code    94  main.o(i._Z9TCP_starthPcS_)
    UART2_str(char*)                         0x080021a1   Thumb Code    40  main.o(i._Z9UART2_strPc)
    Wifi_mode(unsigned char)                 0x080021c9   Thumb Code    42  main.o(i._Z9Wifi_modeh)
    init_UART()                              0x0800220d   Thumb Code    52  main.o(i._Z9init_UARTv)
    send_data(char*)                         0x0800224d   Thumb Code    76  main.o(i._Z9send_dataPc)
    std::strstr(char*, const char*)          0x080022c1   Thumb Code    16  main.o(i._ZSt6strstrPcPKc)
    __ARM_fpclassify                         0x080022d1   Thumb Code    40  fpclassify.o(i.__ARM_fpclassify)
    main                                     0x080022f9   Thumb Code   906  main.o(i.main)
    _get_lc_numeric                          0x080027d5   Thumb Code    44  lc_numeric_c.o(locale$$code)
    __aeabi_d2f                              0x08002801   Thumb Code     0  d2f.o(x$fpl$d2f)
    _d2f                                     0x08002801   Thumb Code    98  d2f.o(x$fpl$d2f)
    __aeabi_dadd                             0x08002865   Thumb Code     0  daddsub_clz.o(x$fpl$dadd)
    _dadd                                    0x08002865   Thumb Code   332  daddsub_clz.o(x$fpl$dadd)
    __fpl_dcmp_Inf                           0x080029b5   Thumb Code    24  dcmpi.o(x$fpl$dcmpinf)
    __aeabi_ddiv                             0x080029cd   Thumb Code     0  ddiv.o(x$fpl$ddiv)
    _ddiv                                    0x080029cd   Thumb Code   552  ddiv.o(x$fpl$ddiv)
    __aeabi_d2iz                             0x08002c7d   Thumb Code     0  dfix.o(x$fpl$dfix)
    _dfix                                    0x08002c7d   Thumb Code    94  dfix.o(x$fpl$dfix)
    __aeabi_i2d                              0x08002cdb   Thumb Code     0  dflt_clz.o(x$fpl$dflt)
    _dflt                                    0x08002cdb   Thumb Code    46  dflt_clz.o(x$fpl$dflt)
    __aeabi_ui2d                             0x08002d09   Thumb Code     0  dflt_clz.o(x$fpl$dfltu)
    _dfltu                                   0x08002d09   Thumb Code    38  dflt_clz.o(x$fpl$dfltu)
    __aeabi_cdcmple                          0x08002d31   Thumb Code     0  dleqf.o(x$fpl$dleqf)
    _dcmple                                  0x08002d31   Thumb Code   120  dleqf.o(x$fpl$dleqf)
    __fpl_dcmple_InfNaN                      0x08002d93   Thumb Code     0  dleqf.o(x$fpl$dleqf)
    __aeabi_dmul                             0x08002da9   Thumb Code     0  dmul.o(x$fpl$dmul)
    _dmul                                    0x08002da9   Thumb Code   332  dmul.o(x$fpl$dmul)
    __fpl_dnaninf                            0x08002efd   Thumb Code   156  dnaninf.o(x$fpl$dnaninf)
    __fpl_dretinf                            0x08002f99   Thumb Code    12  dretinf.o(x$fpl$dretinf)
    __aeabi_cdrcmple                         0x08002fa5   Thumb Code     0  drleqf.o(x$fpl$drleqf)
    _drcmple                                 0x08002fa5   Thumb Code   108  drleqf.o(x$fpl$drleqf)
    __aeabi_drsub                            0x08003011   Thumb Code     0  daddsub_clz.o(x$fpl$drsb)
    _drsb                                    0x08003011   Thumb Code    22  daddsub_clz.o(x$fpl$drsb)
    __aeabi_dsub                             0x08003029   Thumb Code     0  daddsub_clz.o(x$fpl$dsub)
    _dsub                                    0x08003029   Thumb Code   464  daddsub_clz.o(x$fpl$dsub)
    __aeabi_f2d                              0x080031fd   Thumb Code     0  f2d.o(x$fpl$f2d)
    _f2d                                     0x080031fd   Thumb Code    86  f2d.o(x$fpl$f2d)
    __aeabi_fadd                             0x08003255   Thumb Code     0  faddsub_clz.o(x$fpl$fadd)
    _fadd                                    0x08003255   Thumb Code   196  faddsub_clz.o(x$fpl$fadd)
    __fpl_fcmp_Inf                           0x08003319   Thumb Code    24  fcmpi.o(x$fpl$fcmpinf)
    __aeabi_fdiv                             0x08003331   Thumb Code     0  fdiv.o(x$fpl$fdiv)
    _fdiv                                    0x08003331   Thumb Code   384  fdiv.o(x$fpl$fdiv)
    __aeabi_f2iz                             0x080034b5   Thumb Code     0  ffix.o(x$fpl$ffix)
    _ffix                                    0x080034b5   Thumb Code    54  ffix.o(x$fpl$ffix)
    __aeabi_ui2f                             0x080034ed   Thumb Code     0  fflt_clz.o(x$fpl$ffltu)
    _ffltu                                   0x080034ed   Thumb Code    38  fflt_clz.o(x$fpl$ffltu)
    __aeabi_cfcmple                          0x08003515   Thumb Code     0  fleqf.o(x$fpl$fleqf)
    _fcmple                                  0x08003515   Thumb Code   104  fleqf.o(x$fpl$fleqf)
    __fpl_fcmple_InfNaN                      0x08003567   Thumb Code     0  fleqf.o(x$fpl$fleqf)
    __aeabi_fmul                             0x0800357d   Thumb Code     0  fmul.o(x$fpl$fmul)
    _fmul                                    0x0800357d   Thumb Code   258  fmul.o(x$fpl$fmul)
    __fpl_fnaninf                            0x0800367f   Thumb Code   140  fnaninf.o(x$fpl$fnaninf)
    __fpl_fretinf                            0x0800370b   Thumb Code    10  fretinf.o(x$fpl$fretinf)
    __aeabi_cfrcmple                         0x08003715   Thumb Code     0  frleqf.o(x$fpl$frleqf)
    _frcmple                                 0x08003715   Thumb Code    98  frleqf.o(x$fpl$frleqf)
    __aeabi_frsub                            0x08003777   Thumb Code     0  faddsub_clz.o(x$fpl$frsb)
    _frsb                                    0x08003777   Thumb Code    20  faddsub_clz.o(x$fpl$frsb)
    __aeabi_fsub                             0x0800378d   Thumb Code     0  faddsub_clz.o(x$fpl$fsub)
    _fsub                                    0x0800378d   Thumb Code   234  faddsub_clz.o(x$fpl$fsub)
    _printf_fp_dec                           0x08003877   Thumb Code     4  printf1.o(x$fpl$printf1)
    __I$use$fp                               0x0800387a   Number         0  usenofp.o(x$fpl$usenofp)
    Region$$Table$$Base                      0x08003910   Number         0  anon$$obj.o(Region$$Table)
    Region$$Table$$Limit                     0x08003930   Number         0  anon$$obj.o(Region$$Table)
    buff_ptr                                 0x20000000   Data           2  main.o(.data)
    ptr_loc                                  0x20000002   Data           2  main.o(.data)
    bt_ptr                                   0x20000004   Data           2  main.o(.data)
    time                                     0x20000008   Data           4  main.o(.data)
    status                                   0x2000000c   Data           1  main.o(.data)
    Rx_buff                                  0x20000010   Data          30  main.o(.bss)
    BT_buff                                  0x2000002e   Data          30  main.o(.bss)
    __libspace_start                         0x2000004c   Data          96  libspace.o(.bss)
    __temporary_stack_top$libspace           0x200000ac   Data           0  libspace.o(.bss)



==============================================================================

Memory Map of the image

  Image Entry point : 0x080001e1

  Load Region LR_1 (Base: 0x08000000, Size: 0x0000395c, Max: 0xffffffff, ABSOLUTE)

    Execution Region ER_RO (Exec base: 0x08000000, Load base: 0x08000000, Size: 0x0000394c, Max: 0xffffffff, ABSOLUTE)

    Exec Addr    Load Addr    Size         Type   Attr      Idx    E Section Name        Object

    0x08000000   0x08000000   0x00000120   Data   RO          423    RESET               startup_stm32f10x_md_vl.o
    0x08000120   0x08000120   0x00000008   Code   RO          547  * !!!main             c_w.l(__main.o)
    0x08000128   0x08000128   0x00000034   Code   RO          837    !!!scatter          c_w.l(__scatter.o)
    0x0800015c   0x0800015c   0x0000001a   Code   RO          839    !!handler_copy      c_w.l(__scatter_copy.o)
    0x08000176   0x08000176   0x00000002   PAD
    0x08000178   0x08000178   0x0000001c   Code   RO          841    !!handler_zi        c_w.l(__scatter_zi.o)
    0x08000194   0x08000194   0x00000000   Code   RO          532    .ARM.Collect$$_printf_percent$$00000000  c_w.l(_printf_percent.o)
    0x08000194   0x08000194   0x00000006   Code   RO          531    .ARM.Collect$$_printf_percent$$00000003  c_w.l(_printf_f.o)
    0x0800019a   0x0800019a   0x00000006   Code   RO          530    .ARM.Collect$$_printf_percent$$00000009  c_w.l(_printf_d.o)
    0x080001a0   0x080001a0   0x00000006   Code   RO          529    .ARM.Collect$$_printf_percent$$00000014  c_w.l(_printf_s.o)
    0x080001a6   0x080001a6   0x00000004   Code   RO          618    .ARM.Collect$$_printf_percent$$00000017  c_w.l(_printf_percent_end.o)
    0x080001aa   0x080001aa   0x00000002   Code   RO          710    .ARM.Collect$$libinit$$00000000  c_w.l(libinit.o)
    0x080001ac   0x080001ac   0x00000000   Code   RO          712    .ARM.Collect$$libinit$$00000002  c_w.l(libinit2.o)
    0x080001ac   0x080001ac   0x00000000   Code   RO          714    .ARM.Collect$$libinit$$00000004  c_w.l(libinit2.o)
    0x080001ac   0x080001ac   0x00000000   Code   RO          717    .ARM.Collect$$libinit$$0000000A  c_w.l(libinit2.o)
    0x080001ac   0x080001ac   0x00000000   Code   RO          719    .ARM.Collect$$libinit$$0000000C  c_w.l(libinit2.o)
    0x080001ac   0x080001ac   0x00000000   Code   RO          721    .ARM.Collect$$libinit$$0000000E  c_w.l(libinit2.o)
    0x080001ac   0x080001ac   0x00000006   Code   RO          722    .ARM.Collect$$libinit$$0000000F  c_w.l(libinit2.o)
    0x080001b2   0x080001b2   0x00000000   Code   RO          724    .ARM.Collect$$libinit$$00000011  c_w.l(libinit2.o)
    0x080001b2   0x080001b2   0x00000000   Code   RO          726    .ARM.Collect$$libinit$$00000013  c_w.l(libinit2.o)
    0x080001b2   0x080001b2   0x00000000   Code   RO          728    .ARM.Collect$$libinit$$00000015  c_w.l(libinit2.o)
    0x080001b2   0x080001b2   0x0000000a   Code   RO          729    .ARM.Collect$$libinit$$00000016  c_w.l(libinit2.o)
    0x080001bc   0x080001bc   0x00000000   Code   RO          730    .ARM.Collect$$libinit$$00000017  c_w.l(libinit2.o)
    0x080001bc   0x080001bc   0x00000000   Code   RO          732    .ARM.Collect$$libinit$$00000019  c_w.l(libinit2.o)
    0x080001bc   0x080001bc   0x00000000   Code   RO          734    .ARM.Collect$$libinit$$0000001B  c_w.l(libinit2.o)
    0x080001bc   0x080001bc   0x00000000   Code   RO          736    .ARM.Collect$$libinit$$0000001D  c_w.l(libinit2.o)
    0x080001bc   0x080001bc   0x00000000   Code   RO          738    .ARM.Collect$$libinit$$0000001F  c_w.l(libinit2.o)
    0x080001bc   0x080001bc   0x00000000   Code   RO          740    .ARM.Collect$$libinit$$00000021  c_w.l(libinit2.o)
    0x080001bc   0x080001bc   0x00000000   Code   RO          742    .ARM.Collect$$libinit$$00000023  c_w.l(libinit2.o)
    0x080001bc   0x080001bc   0x00000000   Code   RO          744    .ARM.Collect$$libinit$$00000025  c_w.l(libinit2.o)
    0x080001bc   0x080001bc   0x00000000   Code   RO          748    .ARM.Collect$$libinit$$0000002C  c_w.l(libinit2.o)
    0x080001bc   0x080001bc   0x00000000   Code   RO          750    .ARM.Collect$$libinit$$0000002E  c_w.l(libinit2.o)
    0x080001bc   0x080001bc   0x00000000   Code   RO          752    .ARM.Collect$$libinit$$00000030  c_w.l(libinit2.o)
    0x080001bc   0x080001bc   0x00000000   Code   RO          754    .ARM.Collect$$libinit$$00000032  c_w.l(libinit2.o)
    0x080001bc   0x080001bc   0x00000002   Code   RO          755    .ARM.Collect$$libinit$$00000033  c_w.l(libinit2.o)
    0x080001be   0x080001be   0x00000002   Code   RO          785    .ARM.Collect$$libshutdown$$00000000  c_w.l(libshutdown.o)
    0x080001c0   0x080001c0   0x00000000   Code   RO          796    .ARM.Collect$$libshutdown$$00000002  c_w.l(libshutdown2.o)
    0x080001c0   0x080001c0   0x00000000   Code   RO          798    .ARM.Collect$$libshutdown$$00000004  c_w.l(libshutdown2.o)
    0x080001c0   0x080001c0   0x00000000   Code   RO          801    .ARM.Collect$$libshutdown$$00000007  c_w.l(libshutdown2.o)
    0x080001c0   0x080001c0   0x00000000   Code   RO          804    .ARM.Collect$$libshutdown$$0000000A  c_w.l(libshutdown2.o)
    0x080001c0   0x080001c0   0x00000000   Code   RO          806    .ARM.Collect$$libshutdown$$0000000C  c_w.l(libshutdown2.o)
    0x080001c0   0x080001c0   0x00000000   Code   RO          809    .ARM.Collect$$libshutdown$$0000000F  c_w.l(libshutdown2.o)
    0x080001c0   0x080001c0   0x00000002   Code   RO          810    .ARM.Collect$$libshutdown$$00000010  c_w.l(libshutdown2.o)
    0x080001c2   0x080001c2   0x00000000   Code   RO          607    .ARM.Collect$$rtentry$$00000000  c_w.l(__rtentry.o)
    0x080001c2   0x080001c2   0x00000000   Code   RO          637    .ARM.Collect$$rtentry$$00000002  c_w.l(__rtentry2.o)
    0x080001c2   0x080001c2   0x00000006   Code   RO          649    .ARM.Collect$$rtentry$$00000004  c_w.l(__rtentry4.o)
    0x080001c8   0x080001c8   0x00000000   Code   RO          639    .ARM.Collect$$rtentry$$00000009  c_w.l(__rtentry2.o)
    0x080001c8   0x080001c8   0x00000004   Code   RO          640    .ARM.Collect$$rtentry$$0000000A  c_w.l(__rtentry2.o)
    0x080001cc   0x080001cc   0x00000000   Code   RO          642    .ARM.Collect$$rtentry$$0000000C  c_w.l(__rtentry2.o)
    0x080001cc   0x080001cc   0x00000008   Code   RO          643    .ARM.Collect$$rtentry$$0000000D  c_w.l(__rtentry2.o)
    0x080001d4   0x080001d4   0x00000002   Code   RO          756    .ARM.Collect$$rtexit$$00000000  c_w.l(rtexit.o)
    0x080001d6   0x080001d6   0x00000000   Code   RO          763    .ARM.Collect$$rtexit$$00000002  c_w.l(rtexit2.o)
    0x080001d6   0x080001d6   0x00000004   Code   RO          764    .ARM.Collect$$rtexit$$00000003  c_w.l(rtexit2.o)
    0x080001da   0x080001da   0x00000006   Code   RO          765    .ARM.Collect$$rtexit$$00000004  c_w.l(rtexit2.o)
    0x080001e0   0x080001e0   0x00000040   Code   RO          424  * .text               startup_stm32f10x_md_vl.o
    0x08000220   0x08000220   0x00000028   Code   RO          501    .text               c_w.l(noretval__2sprintf.o)
    0x08000248   0x08000248   0x00000068   Code   RO          503    .text               c_w.l(__printf.o)
    0x080002b0   0x080002b0   0x00000052   Code   RO          505    .text               c_w.l(_printf_str.o)
    0x08000302   0x08000302   0x00000002   PAD
    0x08000304   0x08000304   0x00000078   Code   RO          507    .text               c_w.l(_printf_dec.o)
    0x0800037c   0x0800037c   0x00000024   Code   RO          533    .text               c_w.l(strstr.o)
    0x080003a0   0x080003a0   0x0000003e   Code   RO          535    .text               c_w.l(strlen.o)
    0x080003de   0x080003de   0x00000096   Code   RO          537    .text               c_w.l(strncmp.o)
    0x08000474   0x08000474   0x00000084   Code   RO          539    .text               c_w.l(rt_memmove_v6.o)
    0x080004f8   0x080004f8   0x00000044   Code   RO          541    .text               c_w.l(rt_memclr.o)
    0x0800053c   0x0800053c   0x0000004e   Code   RO          543    .text               c_w.l(rt_memclr_w.o)
    0x0800058a   0x0800058a   0x00000006   Code   RO          545    .text               c_w.l(heapauxi.o)
    0x08000590   0x08000590   0x000000b2   Code   RO          608    .text               c_w.l(_printf_intcommon.o)
    0x08000642   0x08000642   0x0000041a   Code   RO          610    .text               c_w.l(_printf_fp_dec.o)
    0x08000a5c   0x08000a5c   0x00000030   Code   RO          612    .text               c_w.l(_printf_char_common.o)
    0x08000a8c   0x08000a8c   0x0000000a   Code   RO          614    .text               c_w.l(_sputc.o)
    0x08000a96   0x08000a96   0x0000002c   Code   RO          616    .text               c_w.l(_printf_char.o)
    0x08000ac2   0x08000ac2   0x0000008a   Code   RO          619    .text               c_w.l(rt_memcpy_v6.o)
    0x08000b4c   0x08000b4c   0x0000007a   Code   RO          621    .text               c_w.l(rt_memmove_w.o)
    0x08000bc6   0x08000bc6   0x00000002   PAD
    0x08000bc8   0x08000bc8   0x00000008   Code   RO          654    .text               c_w.l(rt_locale_intlibspace.o)
    0x08000bd0   0x08000bd0   0x0000008a   Code   RO          656    .text               c_w.l(lludiv10.o)
    0x08000c5a   0x08000c5a   0x00000002   PAD
    0x08000c5c   0x08000c5c   0x00000080   Code   RO          658    .text               c_w.l(_printf_fp_infnan.o)
    0x08000cdc   0x08000cdc   0x000000dc   Code   RO          662    .text               c_w.l(bigflt0.o)
    0x08000db8   0x08000db8   0x00000064   Code   RO          690    .text               c_w.l(rt_memcpy_w.o)
    0x08000e1c   0x08000e1c   0x00000008   Code   RO          696    .text               c_w.l(libspace.o)
    0x08000e24   0x08000e24   0x0000004a   Code   RO          699    .text               c_w.l(sys_stackheap_outer.o)
    0x08000e6e   0x08000e6e   0x00000012   Code   RO          701    .text               c_w.l(exit.o)
    0x08000e80   0x08000e80   0x00000080   Code   RO          703    .text               c_w.l(strcmpv7m.o)
    0x08000f00   0x08000f00   0x0000000c   Code   RO          775    .text               c_w.l(sys_exit.o)
    0x08000f0c   0x08000f0c   0x00000002   Code   RO          786    .text               c_w.l(use_no_semi.o)
    0x08000f0e   0x08000f0e   0x00000000   Code   RO          788    .text               c_w.l(indicate_semi.o)
    0x08000f0e   0x08000f0e   0x0000003e   Code   RO          665    CL$$btod_d2e        c_w.l(btod.o)
    0x08000f4c   0x08000f4c   0x00000046   Code   RO          667    CL$$btod_d2e_denorm_low  c_w.l(btod.o)
    0x08000f92   0x08000f92   0x00000060   Code   RO          666    CL$$btod_d2e_norm_op1  c_w.l(btod.o)
    0x08000ff2   0x08000ff2   0x00000338   Code   RO          675    CL$$btod_div_common  c_w.l(btod.o)
    0x0800132a   0x0800132a   0x000000c6   Code   RO          672    CL$$btod_e2e        c_w.l(btod.o)
    0x080013f0   0x080013f0   0x00000028   Code   RO          669    CL$$btod_ediv       c_w.l(btod.o)
    0x08001418   0x08001418   0x00000028   Code   RO          668    CL$$btod_emul       c_w.l(btod.o)
    0x08001440   0x08001440   0x00000244   Code   RO          674    CL$$btod_mult_common  c_w.l(btod.o)
    0x08001684   0x08001684   0x00000008   Code   RO          431    i.SetSysClock       system_stm32f10x.o
    0x0800168c   0x0800168c   0x000000b8   Code   RO          432    i.SetSysClockTo24   system_stm32f10x.o
    0x08001744   0x08001744   0x00000064   Code   RO          434    i.SystemInit        system_stm32f10x.o
    0x080017a8   0x080017a8   0x0000003c   Code   RO            4    i.USART1_IRQHandler  main.o
    0x080017e4   0x080017e4   0x000000fc   Code   RO            5    i.USART2_IRQHandler  main.o
    0x080018e0   0x080018e0   0x00000010   Code   RO            6    i._Z10clear_buffv   main.o
    0x080018f0   0x080018f0   0x00000058   Code   RO            7    i._Z10init_UART2v   main.o
    0x08001948   0x08001948   0x000000b0   Code   RO            8    i._Z12convert_tempv  main.o
    0x080019f8   0x080019f8   0x00000030   Code   RO            9    i._Z12get_responsePc  main.o
    0x08001a28   0x08001a28   0x00000050   Code   RO           10    i._Z13convert_moistv  main.o
    0x08001a78   0x08001a78   0x00000024   Code   RO           11    i._Z14AT_CommunicatePcS_  main.o
    0x08001a9c   0x08001a9c   0x000000a4   Code   RO           12    i._Z14check_responsePc  main.o
    0x08001b40   0x08001b40   0x0000001a   Code   RO           14    i._Z16__NVIC_EnableIRQ4IRQn  main.o
    0x08001b5a   0x08001b5a   0x00000002   PAD
    0x08001b5c   0x08001b5c   0x00000028   Code   RO           15    i._Z18__NVIC_SetPriority4IRQnj  main.o
    0x08001b84   0x08001b84   0x0000001c   Code   RO           16    i._Z22__NVIC_ClearPendingIRQ4IRQn  main.o
    0x08001ba0   0x08001ba0   0x0000004c   Code   RO          331    i._Z3cmdc           lcd.o
    0x08001bec   0x08001bec   0x00000016   Code   RO          332    i._Z3lcdPc          lcd.o
    0x08001c02   0x08001c02   0x00000002   PAD
    0x08001c04   0x08001c04   0x00000088   Code   RO          333    i._Z3lcdd           lcd.o
    0x08001c8c   0x08001c8c   0x00000092   Code   RO          334    i._Z3lcdi           lcd.o
    0x08001d1e   0x08001d1e   0x00000002   PAD
    0x08001d20   0x08001d20   0x000000d0   Code   RO           17    i._Z6JoinAPPcS_     main.o
    0x08001df0   0x08001df0   0x00000016   Code   RO           19    i._Z7UART_txPc      main.o
    0x08001e06   0x08001e06   0x00000002   PAD
    0x08001e08   0x08001e08   0x0000001c   Code   RO           20    i._Z7UART_txc       main.o
    0x08001e24   0x08001e24   0x0000004c   Code   RO          399    i._Z7delaymsj       delay.o
    0x08001e70   0x08001e70   0x00000044   Code   RO           23    i._Z8ESP_Modeh      main.o
    0x08001eb4   0x08001eb4   0x00000044   Code   RO           24    i._Z8TCP_modeh      main.o
    0x08001ef8   0x08001ef8   0x00000094   Code   RO           25    i._Z8TCP_statv      main.o
    0x08001f8c   0x08001f8c   0x0000001c   Code   RO           26    i._Z8UART2_rxv      main.o
    0x08001fa8   0x08001fa8   0x00000016   Code   RO           27    i._Z8UART2_txPc     main.o
    0x08001fbe   0x08001fbe   0x00000002   PAD
    0x08001fc0   0x08001fc0   0x0000001c   Code   RO           28    i._Z8UART2_txc      main.o
    0x08001fdc   0x08001fdc   0x00000088   Code   RO          335    i._Z8init_lcdv      lcd.o
    0x08002064   0x08002064   0x00000048   Code   RO          336    i._Z8lcd_datac      lcd.o
    0x080020ac   0x080020ac   0x00000030   Code   RO           32    i._Z8wake_ESPv      main.o
    0x080020dc   0x080020dc   0x000000c4   Code   RO           33    i._Z9TCP_starthPcS_  main.o
    0x080021a0   0x080021a0   0x00000028   Code   RO           34    i._Z9UART2_strPc    main.o
    0x080021c8   0x080021c8   0x00000044   Code   RO           35    i._Z9Wifi_modeh     main.o
    0x0800220c   0x0800220c   0x00000040   Code   RO           36    i._Z9init_UARTv     main.o
    0x0800224c   0x0800224c   0x00000074   Code   RO           37    i._Z9send_dataPc    main.o
    0x080022c0   0x080022c0   0x00000010   Code   RO          263    i._ZSt6strstrPcPKc  main.o
    0x080022d0   0x080022d0   0x00000028   Code   RO          694    i.__ARM_fpclassify  m_ws.l(fpclassify.o)
    0x080022f8   0x080022f8   0x000004dc   Code   RO           38    i.main              main.o
    0x080027d4   0x080027d4   0x0000002c   Code   RO          688    locale$$code        c_w.l(lc_numeric_c.o)
    0x08002800   0x08002800   0x00000062   Code   RO          549    x$fpl$d2f           fz_ws.l(d2f.o)
    0x08002862   0x08002862   0x00000002   PAD
    0x08002864   0x08002864   0x00000150   Code   RO          551    x$fpl$dadd          fz_ws.l(daddsub_clz.o)
    0x080029b4   0x080029b4   0x00000018   Code   RO          623    x$fpl$dcmpinf       fz_ws.l(dcmpi.o)
    0x080029cc   0x080029cc   0x000002b0   Code   RO          558    x$fpl$ddiv          fz_ws.l(ddiv.o)
    0x08002c7c   0x08002c7c   0x0000005e   Code   RO          561    x$fpl$dfix          fz_ws.l(dfix.o)
    0x08002cda   0x08002cda   0x0000002e   Code   RO          566    x$fpl$dflt          fz_ws.l(dflt_clz.o)
    0x08002d08   0x08002d08   0x00000026   Code   RO          565    x$fpl$dfltu         fz_ws.l(dflt_clz.o)
    0x08002d2e   0x08002d2e   0x00000002   PAD
    0x08002d30   0x08002d30   0x00000078   Code   RO          571    x$fpl$dleqf         fz_ws.l(dleqf.o)
    0x08002da8   0x08002da8   0x00000154   Code   RO          573    x$fpl$dmul          fz_ws.l(dmul.o)
    0x08002efc   0x08002efc   0x0000009c   Code   RO          625    x$fpl$dnaninf       fz_ws.l(dnaninf.o)
    0x08002f98   0x08002f98   0x0000000c   Code   RO          627    x$fpl$dretinf       fz_ws.l(dretinf.o)
    0x08002fa4   0x08002fa4   0x0000006c   Code   RO          575    x$fpl$drleqf        fz_ws.l(drleqf.o)
    0x08003010   0x08003010   0x00000016   Code   RO          552    x$fpl$drsb          fz_ws.l(daddsub_clz.o)
    0x08003026   0x08003026   0x00000002   PAD
    0x08003028   0x08003028   0x000001d4   Code   RO          553    x$fpl$dsub          fz_ws.l(daddsub_clz.o)
    0x080031fc   0x080031fc   0x00000056   Code   RO          577    x$fpl$f2d           fz_ws.l(f2d.o)
    0x08003252   0x08003252   0x00000002   PAD
    0x08003254   0x08003254   0x000000c4   Code   RO          579    x$fpl$fadd          fz_ws.l(faddsub_clz.o)
    0x08003318   0x08003318   0x00000018   Code   RO          629    x$fpl$fcmpinf       fz_ws.l(fcmpi.o)
    0x08003330   0x08003330   0x00000184   Code   RO          586    x$fpl$fdiv          fz_ws.l(fdiv.o)
    0x080034b4   0x080034b4   0x00000036   Code   RO          589    x$fpl$ffix          fz_ws.l(ffix.o)
    0x080034ea   0x080034ea   0x00000002   PAD
    0x080034ec   0x080034ec   0x00000026   Code   RO          593    x$fpl$ffltu         fz_ws.l(fflt_clz.o)
    0x08003512   0x08003512   0x00000002   PAD
    0x08003514   0x08003514   0x00000068   Code   RO          599    x$fpl$fleqf         fz_ws.l(fleqf.o)
    0x0800357c   0x0800357c   0x00000102   Code   RO          601    x$fpl$fmul          fz_ws.l(fmul.o)
    0x0800367e   0x0800367e   0x0000008c   Code   RO          631    x$fpl$fnaninf       fz_ws.l(fnaninf.o)
    0x0800370a   0x0800370a   0x0000000a   Code   RO          633    x$fpl$fretinf       fz_ws.l(fretinf.o)
    0x08003714   0x08003714   0x00000062   Code   RO          603    x$fpl$frleqf        fz_ws.l(frleqf.o)
    0x08003776   0x08003776   0x00000014   Code   RO          580    x$fpl$frsb          fz_ws.l(faddsub_clz.o)
    0x0800378a   0x0800378a   0x00000002   PAD
    0x0800378c   0x0800378c   0x000000ea   Code   RO          581    x$fpl$fsub          fz_ws.l(faddsub_clz.o)
    0x08003876   0x08003876   0x00000004   Code   RO          605    x$fpl$printf1       fz_ws.l(printf1.o)
    0x0800387a   0x0800387a   0x00000000   Code   RO          635    x$fpl$usenofp       fz_ws.l(usenofp.o)
    0x0800387a   0x0800387a   0x00000002   PAD
    0x0800387c   0x0800387c   0x00000094   Data   RO          663    .constdata          c_w.l(bigflt0.o)
    0x08003910   0x08003910   0x00000020   Data   RO          835    Region$$Table       anon$$obj.o
    0x08003930   0x08003930   0x0000001c   Data   RO          687    locale$$data        c_w.l(lc_numeric_c.o)


    Execution Region ER_RW (Exec base: 0x20000000, Load base: 0x0800394c, Size: 0x00000010, Max: 0xffffffff, ABSOLUTE)

    Exec Addr    Load Addr    Size         Type   Attr      Idx    E Section Name        Object

    0x20000000   0x0800394c   0x0000000d   Data   RW           75    .data               main.o


    Execution Region ER_ZI (Exec base: 0x20000010, Load base: 0x0800395c, Size: 0x000006a0, Max: 0xffffffff, ABSOLUTE)

    Exec Addr    Load Addr    Size         Type   Attr      Idx    E Section Name        Object

    0x20000010        -       0x0000003c   Zero   RW           74    .bss                main.o
    0x2000004c        -       0x00000060   Zero   RW          697    .bss                c_w.l(libspace.o)
    0x200000ac   0x0800395c   0x00000004   PAD
    0x200000b0        -       0x00000200   Zero   RW          422    HEAP                startup_stm32f10x_md_vl.o
    0x200002b0        -       0x00000400   Zero   RW          421    STACK               startup_stm32f10x_md_vl.o


==============================================================================

Image component sizes


      Code (inc. data)   RO Data    RW Data    ZI Data      Debug   Object Name

        76         10          0          0          0        434   delay.o
       588         34          0          0          0       3174   lcd.o
      3426        954          0         13         60     250093   main.o
        64         26        288          0       1536        816   startup_stm32f10x_md_vl.o
       292         24          0          0          0       6561   system_stm32f10x.o

    ----------------------------------------------------------------------
      4456       1048        320         16       1596     261078   Object Totals
         0          0         32          0          0          0   (incl. Generated)
        10          0          0          3          0          0   (incl. Padding)

    ----------------------------------------------------------------------

      Code (inc. data)   RO Data    RW Data    ZI Data      Debug   Library Member Name

         8          0          0          0          0         68   __main.o
       104          0          0          0          0         84   __printf.o
         0          0          0          0          0          0   __rtentry.o
        12          0          0          0          0          0   __rtentry2.o
         6          0          0          0          0          0   __rtentry4.o
        52          8          0          0          0          0   __scatter.o
        26          0          0          0          0          0   __scatter_copy.o
        28          0          0          0          0          0   __scatter_zi.o
        44          0          0          0          0        108   _printf_char.o
        48          6          0          0          0         96   _printf_char_common.o
         6          0          0          0          0          0   _printf_d.o
       120         16          0          0          0         92   _printf_dec.o
         6          0          0          0          0          0   _printf_f.o
      1050          0          0          0          0        216   _printf_fp_dec.o
       128         16          0          0          0         84   _printf_fp_infnan.o
       178          0          0          0          0         88   _printf_intcommon.o
         0          0          0          0          0          0   _printf_percent.o
         4          0          0          0          0          0   _printf_percent_end.o
         6          0          0          0          0          0   _printf_s.o
        82          0          0          0          0         80   _printf_str.o
        10          0          0          0          0         68   _sputc.o
       220          4        148          0          0         96   bigflt0.o
      1910        128          0          0          0        672   btod.o
        18          0          0          0          0         80   exit.o
         6          0          0          0          0        152   heapauxi.o
         0          0          0          0          0          0   indicate_semi.o
        44         10         28          0          0         76   lc_numeric_c.o
         2          0          0          0          0          0   libinit.o
        18          0          0          0          0          0   libinit2.o
         2          0          0          0          0          0   libshutdown.o
         2          0          0          0          0          0   libshutdown2.o
         8          4          0          0         96         68   libspace.o
       138          0          0          0          0         80   lludiv10.o
        40          6          0          0          0         84   noretval__2sprintf.o
         8          4          0          0          0         68   rt_locale_intlibspace.o
        68          0          0          0          0         68   rt_memclr.o
        78          0          0          0          0         80   rt_memclr_w.o
       138          0          0          0          0         68   rt_memcpy_v6.o
       100          0          0          0          0         80   rt_memcpy_w.o
       132          0          0          0          0         68   rt_memmove_v6.o
       122          0          0          0          0         80   rt_memmove_w.o
         2          0          0          0          0          0   rtexit.o
        10          0          0          0          0          0   rtexit2.o
       128          0          0          0          0         68   strcmpv7m.o
        62          0          0          0          0         76   strlen.o
       150          0          0          0          0         80   strncmp.o
        36          0          0          0          0         80   strstr.o
        12          4          0          0          0         68   sys_exit.o
        74          0          0          0          0         80   sys_stackheap_outer.o
         2          0          0          0          0         68   use_no_semi.o
        98          4          0          0          0         92   d2f.o
       826         16          0          0          0        348   daddsub_clz.o
        24          0          0          0          0         68   dcmpi.o
       688        140          0          0          0        208   ddiv.o
        94          4          0          0          0         92   dfix.o
        84          0          0          0          0        136   dflt_clz.o
       120          4          0          0          0         92   dleqf.o
       340         12          0          0          0        104   dmul.o
       156          4          0          0          0         92   dnaninf.o
        12          0          0          0          0         68   dretinf.o
       108          0          0          0          0         80   drleqf.o
        86          4          0          0          0         84   f2d.o
       450          8          0          0          0        236   faddsub_clz.o
        24          0          0          0          0         68   fcmpi.o
       388         76          0          0          0         96   fdiv.o
        54          4          0          0          0         84   ffix.o
        38          0          0          0          0         68   fflt_clz.o
       104          4          0          0          0         84   fleqf.o
       258          4          0          0          0         84   fmul.o
       140          4          0          0          0         84   fnaninf.o
        10          0          0          0          0         68   fretinf.o
        98          0          0          0          0         68   frleqf.o
         4          0          0          0          0         68   printf1.o
         0          0          0          0          0          0   usenofp.o
        40          0          0          0          0         68   fpclassify.o

    ----------------------------------------------------------------------
      9716        494        176          0        100       5864   Library Totals
        24          0          0          0          4          0   (incl. Padding)

    ----------------------------------------------------------------------

      Code (inc. data)   RO Data    RW Data    ZI Data      Debug   Library Name

      5448        206        176          0         96       3324   c_w.l
      4204        288          0          0          0       2472   fz_ws.l
        40          0          0          0          0         68   m_ws.l

    ----------------------------------------------------------------------
      9716        494        176          0        100       5864   Library Totals

    ----------------------------------------------------------------------

==============================================================================


      Code (inc. data)   RO Data    RW Data    ZI Data      Debug   

     14172       1542        496         16       1696     261738   Grand Totals
     14172       1542        496         16       1696     261738   ELF Image Totals
     14172       1542        496         16          0          0   ROM Totals

==============================================================================

    Total RO  Size (Code + RO Data)                14668 (  14.32kB)
    Total RW  Size (RW Data + ZI Data)              1712 (   1.67kB)
    Total ROM Size (Code + RO Data + RW Data)      14684 (  14.34kB)

==============================================================================

